ARM Linker, RVCT4.0 [Build 728] [Standard]

==============================================================================

Section Cross References

    netconf.o(i.LwIP_Init) refers to mem.o(i.mem_init) for mem_init
    netconf.o(i.LwIP_Init) refers to memp.o(i.memp_init) for memp_init
    netconf.o(i.LwIP_Init) refers to ethernetif.o(i.Set_MAC_Address) for Set_MAC_Address
    netconf.o(i.LwIP_Init) refers to netif.o(i.netif_add) for netif_add
    netconf.o(i.LwIP_Init) refers to netif.o(i.netif_set_default) for netif_set_default
    netconf.o(i.LwIP_Init) refers to netif.o(i.netif_set_up) for netif_set_up
    netconf.o(i.LwIP_Init) refers to netconf.o(.data) for macaddress
    netconf.o(i.LwIP_Init) refers to etharp.o(i.ethernet_input) for ethernet_input
    netconf.o(i.LwIP_Init) refers to ethernetif.o(i.ethernetif_init) for ethernetif_init
    netconf.o(i.LwIP_Init) refers to netconf.o(.bss) for netif
    netconf.o(i.LwIP_Periodic_Handle) refers to ethernetif.o(i.ETH_Recive_Poll) for ETH_Recive_Poll
    netconf.o(i.LwIP_Periodic_Handle) refers to tcp.o(i.tcp_tmr) for tcp_tmr
    netconf.o(i.LwIP_Periodic_Handle) refers to tftpserver.o(i.TftpTrm250ms) for TftpTrm250ms
    netconf.o(i.LwIP_Periodic_Handle) refers to etharp.o(i.etharp_tmr) for etharp_tmr
    netconf.o(i.LwIP_Periodic_Handle) refers to netconf.o(.data) for TCPTimer
    netconf.o(i.LwIP_Pkt_Handle) refers to ethernetif.o(i.ethernetif_input) for ethernetif_input
    netconf.o(i.LwIP_Pkt_Handle) refers to netconf.o(.bss) for netif
    stm32f10x_it.o(i.ETH_IRQHandler) refers to ethernetif.o(i.Read_Eth_Packet) for Read_Eth_Packet
    stm32f10x_it.o(i.ETH_IRQHandler) refers to stm32_eth.o(i.ETH_GetRxPktSize) for ETH_GetRxPktSize
    stm32f10x_it.o(i.ETH_IRQHandler) refers to stm32_eth.o(i.ETH_DMAClearITPendingBit) for ETH_DMAClearITPendingBit
    stm32f10x_it.o(i.HardFault_Handler) refers to stm32f10x_it.o(.emb_text) for wait
    stm32f10x_it.o(i.SysTick_Handler) refers to main.o(i.Time_Update) for Time_Update
    stm32f107.o(i.ADC_Configuration) refers to stm32f10x_adc.o(i.ADC_Init) for ADC_Init
    stm32f107.o(i.ADC_Configuration) refers to stm32f10x_adc.o(i.ADC_RegularChannelConfig) for ADC_RegularChannelConfig
    stm32f107.o(i.ADC_Configuration) refers to stm32f10x_adc.o(i.ADC_Cmd) for ADC_Cmd
    stm32f107.o(i.ADC_Configuration) refers to stm32f10x_adc.o(i.ADC_SoftwareStartConvCmd) for ADC_SoftwareStartConvCmd
    stm32f107.o(i.Ethernet_Configuration) refers to stm32f10x_gpio.o(i.GPIO_ETH_MediaInterfaceConfig) for GPIO_ETH_MediaInterfaceConfig
    stm32f107.o(i.Ethernet_Configuration) refers to stm32f10x_rcc.o(i.RCC_MCOConfig) for RCC_MCOConfig
    stm32f107.o(i.Ethernet_Configuration) refers to stm32_eth.o(i.ETH_DeInit) for ETH_DeInit
    stm32f107.o(i.Ethernet_Configuration) refers to stm32_eth.o(i.ETH_SoftwareReset) for ETH_SoftwareReset
    stm32f107.o(i.Ethernet_Configuration) refers to stm32_eth.o(i.ETH_GetSoftwareResetStatus) for ETH_GetSoftwareResetStatus
    stm32f107.o(i.Ethernet_Configuration) refers to stm32_eth.o(i.ETH_StructInit) for ETH_StructInit
    stm32f107.o(i.Ethernet_Configuration) refers to stm32_eth.o(i.ETH_Init) for ETH_Init
    stm32f107.o(i.Ethernet_Configuration) refers to stm32_eth.o(i.ETH_DMAITConfig) for ETH_DMAITConfig
    stm32f107.o(i.GPIO_Configuration) refers to stm32f10x_gpio.o(i.GPIO_Init) for GPIO_Init
    stm32f107.o(i.GPIO_Configuration) refers to stm32f10x_gpio.o(i.GPIO_PinRemapConfig) for GPIO_PinRemapConfig
    stm32f107.o(i.NVIC_Configuration) refers to misc.o(i.NVIC_SetVectorTable) for NVIC_SetVectorTable
    stm32f107.o(i.NVIC_Configuration) refers to misc.o(i.NVIC_PriorityGroupConfig) for NVIC_PriorityGroupConfig
    stm32f107.o(i.NVIC_Configuration) refers to misc.o(i.NVIC_Init) for NVIC_Init
    stm32f107.o(i.System_Setup) refers to system_stm32f10x.o(i.SystemInit) for SystemInit
    stm32f107.o(i.System_Setup) refers to stm32f10x_rcc.o(i.RCC_AHBPeriphClockCmd) for RCC_AHBPeriphClockCmd
    stm32f107.o(i.System_Setup) refers to stm32f10x_rcc.o(i.RCC_APB2PeriphClockCmd) for RCC_APB2PeriphClockCmd
    stm32f107.o(i.System_Setup) refers to stm32f107.o(i.NVIC_Configuration) for NVIC_Configuration
    stm32f107.o(i.System_Setup) refers to stm32f107.o(i.GPIO_Configuration) for GPIO_Configuration
    stm32f107.o(i.System_Setup) refers to stm32f107.o(i.Ethernet_Configuration) for Ethernet_Configuration
    stm32f107.o(i.System_Setup) refers to stm32f10x_rcc.o(i.RCC_GetClocksFreq) for RCC_GetClocksFreq
    stm32f107.o(i.System_Setup) refers to stm32f107.o(i.NVIC_SetPriority) for NVIC_SetPriority
    client_tcpudp.o(i.SendDataToSever) refers to tcp_out.o(i.tcp_write) for tcp_write
    client_tcpudp.o(i.SendDataToSever) refers to tcp_out.o(i.tcp_output) for tcp_output
    client_tcpudp.o(i.SendDataToSever) refers to client_tcpudp.o(.data) for Tcplink
    client_tcpudp.o(i.SendDataToSever) refers to client_tcpudp.o(.bss) for Mb2TcpBuff
[...]
    fs_flushFs                               0x08006539   Thumb Code    16  fs.o(i.fs_flushFs)
    fs_getFirstClusterRootDir                0x08006549   Thumb Code    18  fs.o(i.fs_getFirstClusterRootDir)
    fs_getLastCluster                        0x0800655b   Thumb Code    60  fs.o(i.fs_getLastCluster)
    fs_getNextFreeCluster                    0x08006597   Thumb Code    38  fs.o(i.fs_getNextFreeCluster)
    fs_giveFreeClusterHint                   0x080065bd   Thumb Code     6  fs.o(i.fs_giveFreeClusterHint)
    fs_hasTimeSupport                        0x080065c3   Thumb Code     4  time.o(i.fs_hasTimeSupport)
    fs_initClusterChain                      0x080065c7   Thumb Code    16  fs.o(i.fs_initClusterChain)
    fs_initCurrentDir                        0x080065d7   Thumb Code    14  fs.o(i.fs_initCurrentDir)
    fs_initFs                                0x080065e5   Thumb Code    72  fs.o(i.fs_initFs)
    fs_isValidFat                            0x0800662d   Thumb Code    50  fs.o(i.fs_isValidFat)
    fs_loadVolumeId                          0x0800665f   Thumb Code   116  fs.o(i.fs_loadVolumeId)
    fs_setFirstClusterInDirEntry             0x080066d3   Thumb Code     8  fs.o(i.fs_setFirstClusterInDirEntry)
    fs_umount                                0x080066db   Thumb Code    12  fs.o(i.fs_umount)
    fs_verifySanity                          0x080066e7   Thumb Code   178  fs.o(i.fs_verifySanity)
    get_spi_BaudRatePrescaler                0x08006799   Thumb Code     6  sd.o(i.get_spi_BaudRatePrescaler)
    icmp_dest_unreach                        0x0800679f   Thumb Code    18  icmp.o(i.icmp_dest_unreach)
    icmp_input                               0x080067b1   Thumb Code   552  icmp.o(i.icmp_input)
    icmp_time_exceeded                       0x08006a7d   Thumb Code    18  icmp.o(i.icmp_time_exceeded)
    if_initInterface                         0x08006a8f   Thumb Code    76  sd_stm32.o(i.if_initInterface)
    if_readBuf                               0x08006adb   Thumb Code    24  sd_stm32.o(i.if_readBuf)
    if_spiInit                               0x08006af5   Thumb Code    40  sd_stm32.o(i.if_spiInit)
    if_spiSend                               0x08006b21   Thumb Code    74  sd_stm32.o(i.if_spiSend)
    if_writeBuf                              0x08006b75   Thumb Code    20  sd_stm32.o(i.if_writeBuf)
    inet_chksum                              0x08006b89   Thumb Code    20  inet_chksum.o(i.inet_chksum)
    inet_chksum_pbuf                         0x08006b9d   Thumb Code    86  inet_chksum.o(i.inet_chksum_pbuf)
    inet_chksum_pseudo                       0x08006bf3   Thumb Code   190  inet_chksum.o(i.inet_chksum_pseudo)
    initBta16TMER                            0x08006cb1   Thumb Code   150  pidctrl.o(i.initBta16TMER)
    init_PID                                 0x08006d4d   Thumb Code    26  pidctrl.o(i.init_PID)
    ioman_decUseCnt                          0x08006d71   Thumb Code    40  ioman.o(i.ioman_decUseCnt)
    ioman_directSectorRead                   0x08006d99   Thumb Code   134  ioman.o(i.ioman_directSectorRead)
    ioman_directSectorWrite                  0x08006e1f   Thumb Code   168  ioman.o(i.ioman_directSectorWrite)
    ioman_findFreeSpot                       0x08006ec7   Thumb Code    40  ioman.o(i.ioman_findFreeSpot)
    ioman_findOverallocableSpot              0x08006eef   Thumb Code   116  ioman.o(i.ioman_findOverallocableSpot)
    ioman_findSectorInCache                  0x08006f63   Thumb Code    54  ioman.o(i.ioman_findSectorInCache)
    ioman_findUnusedSpot                     0x08006f99   Thumb Code   146  ioman.o(i.ioman_findUnusedSpot)
    ioman_flushRange                         0x0800702b   Thumb Code   110  ioman.o(i.ioman_flushRange)
    ioman_flushSector                        0x08007099   Thumb Code    96  ioman.o(i.ioman_flushSector)
    ioman_getAttr                            0x080070f9   Thumb Code    32  ioman.o(i.ioman_getAttr)
    ioman_getBp                              0x08007119   Thumb Code    46  ioman.o(i.ioman_getBp)
    ioman_getBuffer                          0x08007147   Thumb Code     8  ioman.o(i.ioman_getBuffer)
    ioman_getPtr                             0x0800714f   Thumb Code    24  ioman.o(i.ioman_getPtr)
    ioman_getRefCnt                          0x08007167   Thumb Code    24  ioman.o(i.ioman_getRefCnt)
    ioman_getSector                          0x0800717f   Thumb Code   324  ioman.o(i.ioman_getSector)
    ioman_getUseCnt                          0x080072c3   Thumb Code    24  ioman.o(i.ioman_getUseCnt)
    ioman_incRefCnt                          0x080072db   Thumb Code    42  ioman.o(i.ioman_incRefCnt)
    ioman_incUseCnt                          0x08007305   Thumb Code    42  ioman.o(i.ioman_incUseCnt)
    ioman_init                               0x0800732f   Thumb Code    36  ioman.o(i.ioman_init)
    ioman_pop                                0x08007353   Thumb Code   128  ioman.o(i.ioman_pop)
    ioman_push                               0x080073d3   Thumb Code   120  ioman.o(i.ioman_push)
    ioman_putSectorInCache                   0x0800744b   Thumb Code    76  ioman.o(i.ioman_putSectorInCache)
    ioman_readSector                         0x08007497   Thumb Code    46  ioman.o(i.ioman_readSector)
    ioman_releaseSector                      0x080074c5   Thumb Code    90  ioman.o(i.ioman_releaseSector)
    ioman_reset                              0x0800751f   Thumb Code   122  ioman.o(i.ioman_reset)
    ioman_resetCacheItem                     0x08007599   Thumb Code    36  ioman.o(i.ioman_resetCacheItem)
    ioman_setAttr                            0x080075bd   Thumb Code    56  ioman.o(i.ioman_setAttr)
    ioman_writeSector                        0x080075f5   Thumb Code    48  ioman.o(i.ioman_writeSector)
    ip4_addr_isbroadcast                     0x08007625   Thumb Code    78  ip_addr.o(i.ip4_addr_isbroadcast)
    ip_frag                                  0x08007675   Thumb Code   438  ip_frag.o(i.ip_frag)
    ip_input                                 0x08007859   Thumb Code   544  ip.o(i.ip_input)
    ip_output                                0x08007a91   Thumb Code    88  ip.o(i.ip_output)
    ip_output_if                             0x08007aed   Thumb Code   352  ip.o(i.ip_output_if)
    ip_reass                                 0x08007c55   Thumb Code   448  ip_frag.o(i.ip_reass)
    ip_route                                 0x080081b5   Thumb Code    92  ip.o(i.ip_route)
    ls_openDir                               0x08008359   Thumb Code    68  ls.o(i.ls_openDir)
    lwip_htonl                               0x0800839d   Thumb Code    26  def.o(i.lwip_htonl)
    lwip_htons                               0x080083b7   Thumb Code    12  def.o(i.lwip_htons)
    lwip_ntohl                               0x080083c3   Thumb Code    12  def.o(i.lwip_ntohl)
    lwip_ntohs                               0x080083cf   Thumb Code    12  def.o(i.lwip_ntohs)
    main                                     0x08008439   Thumb Code   102  main.o(i.main)
    memClr                                   0x080084a5   Thumb Code    18  plibc.o(i.memClr)
    memCpy                                   0x080084b7   Thumb Code    24  plibc.o(i.memCpy)
    mem_free                                 0x080084d1   Thumb Code   154  mem.o(i.mem_free)
    mem_init                                 0x08008575   Thumb Code    90  mem.o(i.mem_init)
    mem_malloc                               0x080085dd   Thumb Code   420  mem.o(i.mem_malloc)
    mem_trim                                 0x08008789   Thumb Code   402  mem.o(i.mem_trim)
    memp_free                                0x08008925   Thumb Code    80  memp.o(i.memp_free)
    memp_init                                0x08008981   Thumb Code   144  memp.o(i.memp_init)
    memp_malloc                              0x08008a1d   Thumb Code   184  memp.o(i.memp_malloc)
    netbios_init                             0x08008b0d   Thumb Code    46  netbios.o(i.netbios_init)
    netif_add                                0x08008cd5   Thumb Code   110  netif.o(i.netif_add)
    netif_set_addr                           0x08008d4d   Thumb Code    40  netif.o(i.netif_set_addr)
    netif_set_default                        0x08008d75   Thumb Code     6  netif.o(i.netif_set_default)
    netif_set_gw                             0x08008d81   Thumb Code    12  netif.o(i.netif_set_gw)
    netif_set_ipaddr                         0x08008d8d   Thumb Code   128  netif.o(i.netif_set_ipaddr)
    netif_set_netmask                        0x08008e15   Thumb Code    12  netif.o(i.netif_set_netmask)
    netif_set_up                             0x08008e21   Thumb Code    54  netif.o(i.netif_set_up)
    part_directSectorRead                    0x08008e57   Thumb Code    36  partition.o(i.part_directSectorRead)
    part_directSectorWrite                   0x08008e7b   Thumb Code    36  partition.o(i.part_directSectorWrite)
    part_flushPart                           0x08008e9f   Thumb Code    46  partition.o(i.part_flushPart)
    part_getRealLBA                          0x08008ecd   Thumb Code    20  partition.o(i.part_getRealLBA)
    part_getSect                             0x08008ee1   Thumb Code    36  partition.o(i.part_getSect)
    part_initPartition                       0x08008f05   Thumb Code    46  partition.o(i.part_initPartition)
    part_isFatPart                           0x08008f33   Thumb Code    38  partition.o(i.part_isFatPart)
    part_relSect                             0x08008f59   Thumb Code    18  partition.o(i.part_relSect)
    pbuf_alloc                               0x08008f6b   Thumb Code   530  pbuf.o(i.pbuf_alloc)
    pbuf_alloced_custom                      0x0800917d   Thumb Code   110  pbuf.o(i.pbuf_alloced_custom)
    pbuf_cat                                 0x080091eb   Thumb Code    76  pbuf.o(i.pbuf_cat)
    pbuf_chain                               0x08009237   Thumb Code    22  pbuf.o(i.pbuf_chain)
    pbuf_clen                                0x0800924d   Thumb Code    18  pbuf.o(i.pbuf_clen)
    pbuf_copy                                0x0800925f   Thumb Code   228  pbuf.o(i.pbuf_copy)
    pbuf_copy_partial                        0x08009343   Thumb Code   154  pbuf.o(i.pbuf_copy_partial)
    pbuf_free                                0x080093dd   Thumb Code   186  pbuf.o(i.pbuf_free)
    pbuf_header                              0x08009497   Thumb Code   140  pbuf.o(i.pbuf_header)
    pbuf_realloc                             0x08009523   Thumb Code   178  pbuf.o(i.pbuf_realloc)
    pbuf_ref                                 0x080095d5   Thumb Code    10  pbuf.o(i.pbuf_ref)
    pid_calculate                            0x080095e1   Thumb Code   428  pidctrl.o(i.pid_calculate)
    pid_init                                 0x080097b5   Thumb Code    46  pidctrl.o(i.pid_init)
    pid_set                                  0x08009815   Thumb Code    10  pidctrl.o(i.pid_set)
    pow                                      0x080098d9   Thumb Code  2560  pow.o(i.pow)
    print                                    0x0800a2e9   Thumb Code    22  ds12864.o(i.print)
    process_tftp_request                     0x0800a301   Thumb Code   376  tftpserver.o(i.process_tftp_request)
    raw_input                                0x0800a4d9   Thumb Code   108  raw.o(i.raw_input)
    recv_callback_tftp                       0x0800a551   Thumb Code    34  tftpserver.o(i.recv_callback_tftp)
    rrq_recv_callback                        0x0800a575   Thumb Code   102  tftpserver.o(i.rrq_recv_callback)
    sd_Command                               0x0800a5e5   Thumb Code    82  sd.o(i.sd_Command)
    sd_Command_crc                           0x0800a637   Thumb Code   140  sd.o(i.sd_Command_crc)
    sd_Init                                  0x0800a6c5   Thumb Code   626  sd.o(i.sd_Init)
    sd_Resp16b                               0x0800a93d   Thumb Code    32  sd.o(i.sd_Resp16b)
    sd_Resp8b                                0x0800a95d   Thumb Code    38  sd.o(i.sd_Resp8b)
    sd_Resp8bError                           0x0800a983   Thumb Code    52  sd.o(i.sd_Resp8bError)
    sd_State                                 0x0800a9b7   Thumb Code   112  sd.o(i.sd_State)
    sd_getDriveSize                          0x0800aa29   Thumb Code   340  sd.o(i.sd_getDriveSize)
    sd_readSector                            0x0800ab99   Thumb Code   174  sd.o(i.sd_readSector)
    sd_writeSector                           0x0800ac4d   Thumb Code   136  sd.o(i.sd_writeSector)
    sqrt                                     0x0800acd9   Thumb Code    44  sqrt.o(i.sqrt)
    strMatch                                 0x0800ad15   Thumb Code    30  plibc.o(i.strMatch)
    tcp_abandon                              0x0800ad35   Thumb Code   148  tcp.o(i.tcp_abandon)
    tcp_abort                                0x0800add5   Thumb Code    14  tcp.o(i.tcp_abort)
    tcp_accept                               0x0800ade3   Thumb Code     4  tcp.o(i.tcp_accept)
    tcp_alloc                                0x0800adf1   Thumb Code   258  tcp.o(i.tcp_alloc)
    tcp_bind                                 0x0800af09   Thumb Code   162  tcp.o(i.tcp_bind)
    tcp_client_callback                      0x0800afb9   Thumb Code    76  client_tcpudp.o(i.tcp_client_callback)
    tcp_client_connected                     0x0800b01d   Thumb Code    72  client_tcpudp.o(i.tcp_client_connected)
    tcp_client_err                           0x0800b07d   Thumb Code    36  client_tcpudp.o(i.tcp_client_err)
    tcp_client_reciver                       0x0800b0a5   Thumb Code   544  client_tcpudp.o(i.tcp_client_reciver)
    tcp_close                                0x0800b335   Thumb Code    28  tcp.o(i.tcp_close)
    tcp_connect                              0x0800b525   Thumb Code   330  tcp.o(i.tcp_connect)
    tcp_eff_send_mss                         0x0800b761   Thumb Code    46  tcp.o(i.tcp_eff_send_mss)
    tcp_enqueue_flags                        0x0800b791   Thumb Code   392  tcp_out.o(i.tcp_enqueue_flags)
    tcp_err                                  0x0800b91d   Thumb Code    20  tcp.o(i.tcp_err)
    tcp_fasttmr                              0x0800b931   Thumb Code   118  tcp.o(i.tcp_fasttmr)
    tcp_input                                0x0800b9b5   Thumb Code  1418  tcp_in.o(i.tcp_input)
    tcp_keepalive                            0x0800bf59   Thumb Code    98  tcp_out.o(i.tcp_keepalive)
    tcp_listen_with_backlog                  0x0800c199   Thumb Code   202  tcp.o(i.tcp_listen_with_backlog)
    tcp_new                                  0x0800c275   Thumb Code    10  tcp.o(i.tcp_new)
    tcp_next_iss                             0x0800c2e9   Thumb Code    20  tcp.o(i.tcp_next_iss)
    tcp_output                               0x0800c305   Thumb Code   476  tcp_out.o(i.tcp_output)
    tcp_pcb_purge                            0x0800c7b7   Thumb Code    64  tcp.o(i.tcp_pcb_purge)
    tcp_pcb_remove                           0x0800c7f9   Thumb Code   156  tcp.o(i.tcp_pcb_remove)
    tcp_process_refused_data                 0x0800ce6d   Thumb Code   140  tcp.o(i.tcp_process_refused_data)
    tcp_recv                                 0x0800d601   Thumb Code    18  tcp.o(i.tcp_recv)
    tcp_recv_null                            0x0800d613   Thumb Code    46  tcp.o(i.tcp_recv_null)
    tcp_recved                               0x0800d641   Thumb Code    96  tcp.o(i.tcp_recved)
    tcp_rexmit                               0x0800d6a1   Thumb Code    88  tcp_out.o(i.tcp_rexmit)
    tcp_rexmit_fast                          0x0800d6f9   Thumb Code   112  tcp_out.o(i.tcp_rexmit_fast)
    tcp_rexmit_rto                           0x0800d769   Thumb Code    56  tcp_out.o(i.tcp_rexmit_rto)
    tcp_rst                                  0x0800d7a1   Thumb Code   192  tcp_out.o(i.tcp_rst)
    tcp_seg_free                             0x0800d865   Thumb Code    26  tcp.o(i.tcp_seg_free)
    tcp_segs_free                            0x0800d87f   Thumb Code    24  tcp.o(i.tcp_segs_free)
    tcp_send_empty_ack                       0x0800d897   Thumb Code    96  tcp_out.o(i.tcp_send_empty_ack)
    tcp_send_fin                             0x0800d8f7   Thumb Code    74  tcp_out.o(i.tcp_send_fin)
    tcp_sever_test                           0x0800d941   Thumb Code    44  client_tcpudp.o(i.tcp_sever_test)
    tcp_slowtmr                              0x0800d975   Thumb Code   874  tcp.o(i.tcp_slowtmr)
    tcp_timer_needed                         0x0800dcfd   Thumb Code     2  timers.o(i.tcp_timer_needed)
    tcp_tmr                                  0x0800ddad   Thumb Code    30  tcp.o(i.tcp_tmr)
    tcp_update_rcv_ann_wnd                   0x0800ddd1   Thumb Code    88  tcp.o(i.tcp_update_rcv_ann_wnd)
    tcp_write                                0x0800de29   Thumb Code  1094  tcp_out.o(i.tcp_write)
    tcp_zero_window_probe                    0x0800e311   Thumb Code   198  tcp_out.o(i.tcp_zero_window_probe)
    tftp_cleanup_rd                          0x0800e3dd   Thumb Code    50  tftpserver.o(i.tftp_cleanup_rd)
    tftp_cleanup_wr                          0x0800e421   Thumb Code    50  tftpserver.o(i.tftp_cleanup_wr)
    tftp_construct_error_message             0x0800e465   Thumb Code    50  tftpserver.o(i.tftp_construct_error_message)
    tftp_decode_op                           0x0800e49d   Thumb Code     6  tftputils.o(i.tftp_decode_op)
    tftp_extract_block                       0x0800e4a3   Thumb Code    16  tftputils.o(i.tftp_extract_block)
    tftp_extract_filename                    0x0800e4b3   Thumb Code    16  tftputils.o(i.tftp_extract_filename)
    tftp_is_correct_ack                      0x0800e4c3   Thumb Code    38  tftputils.o(i.tftp_is_correct_ack)
    tftp_process_read                        0x0800e4e9   Thumb Code   166  tftpserver.o(i.tftp_process_read)
    tftp_process_write                       0x0800e5a9   Thumb Code   150  tftpserver.o(i.tftp_process_write)
    tftp_send_ack_packet                     0x0800e64d   Thumb Code    48  tftpserver.o(i.tftp_send_ack_packet)
    tftp_send_data_packet                    0x0800e67d   Thumb Code    76  tftpserver.o(i.tftp_send_data_packet)
    tftp_send_error_message                  0x0800e6c9   Thumb Code    50  tftpserver.o(i.tftp_send_error_message)
    tftp_send_message                        0x0800e6fb   Thumb Code    80  tftpserver.o(i.tftp_send_message)
    tftp_send_next_block                     0x0800e74d   Thumb Code    56  tftpserver.o(i.tftp_send_next_block)
    tftp_set_block                           0x0800e789   Thumb Code    20  tftputils.o(i.tftp_set_block)
    tftp_set_data_message                    0x0800e79d   Thumb Code    20  tftputils.o(i.tftp_set_data_message)
    tftp_set_errorcode                       0x0800e7b1   Thumb Code     8  tftputils.o(i.tftp_set_errorcode)
    tftp_set_errormsg                        0x0800e7b9   Thumb Code    16  tftputils.o(i.tftp_set_errormsg)
    tftp_set_opcode                          0x0800e7c9   Thumb Code     8  tftputils.o(i.tftp_set_opcode)
    tftpd_init                               0x0800e7d1   Thumb Code    52  tftpserver.o(i.tftpd_init)
    udp_bind                                 0x0800e811   Thumb Code   132  udp.o(i.udp_bind)
    udp_client_callback                      0x0800e899   Thumb Code    82  client_tcpudp.o(i.udp_client_callback)
    udp_client_callback_app                  0x0800e8f5   Thumb Code    50  client_tcpudp.o(i.udp_client_callback_app)
    udp_disconnect                           0x0800e935   Thumb Code    16  udp.o(i.udp_disconnect)
    udp_input                                0x0800e945   Thumb Code   582  udp.o(i.udp_input)
    udp_new                                  0x0800eb9d   Thumb Code    28  udp.o(i.udp_new)
    udp_recv                                 0x0800ec11   Thumb Code     6  udp.o(i.udp_recv)
    udp_remove                               0x0800ec19   Thumb Code    60  udp.o(i.udp_remove)
    udp_sendto                               0x0800ec59   Thumb Code    68  udp.o(i.udp_sendto)
    udp_sendto_if                            0x0800eca1   Thumb Code   294  udp.o(i.udp_sendto_if)
    wrq_recv_callback                        0x0800edcd   Thumb Code   198  tftpserver.o(i.wrq_recv_callback)
    tcp_state_str                            0x0800eebc   Data          44  tcp.o(.constdata)
    tcp_backoff                              0x0800eee8   Data          13  tcp.o(.constdata)
    tcp_persist_backoff                      0x0800eef5   Data           7  tcp.o(.constdata)
    tcp_pcb_lists                            0x0800eefc   Data          16  tcp.o(.constdata)
    ip_addr_any                              0x0800ef0c   Data           4  ip_addr.o(.constdata)
    ip_addr_broadcast                        0x0800ef10   Data           4  ip_addr.o(.constdata)
    ethbroadcast                             0x0800ef14   Data           6  etharp.o(.constdata)
    ethzero                                  0x0800ef1a   Data           6  etharp.o(.constdata)
    __mathlib_zero                           0x0800efa8   Data           8  qnan.o(.constdata)
    Region$$Table$$Base                      0x0800f0ac   Number         0  anon$$obj.o(Region$$Table)
    Region$$Table$$Limit                     0x0800f0cc   Number         0  anon$$obj.o(Region$$Table)
    TCPTimer                                 0x20000000   Data           4  netconf.o(.data)
    ARPTimer                                 0x20000004   Data           4  netconf.o(.data)
    DHCPfineTimer                            0x20000008   Data           4  netconf.o(.data)
    DHCPcoarseTimer                          0x2000000c   Data           4  netconf.o(.data)
    DisplayTimer                             0x20000014   Data           4  netconf.o(.data)
    LedToggle                                0x20000018   Data           1  netconf.o(.data)
    Server                                   0x20000019   Data           1  netconf.o(.data)
    macaddress                               0x2000001a   Data           6  netconf.o(.data)
    Tcplink                                  0x20000020   Data           1  client_tcpudp.o(.data)
    Udplink                                  0x20000021   Data           1  client_tcpudp.o(.data)
    retry_TCP_connect                        0x20000024   Data           4  client_tcpudp.o(.data)
    SystemRunTime                            0x20000028   Data           4  client_tcpudp.o(.data)
    TCPCreatTrm                              0x2000002c   Data           4  client_tcpudp.o(.data)
    cansent                                  0x20000030   Data           1  client_tcpudp.o(.data)
    TcpRecvLenth                             0x20000034   Data           4  client_tcpudp.o(.data)
    Data                                     0x20000038   Data          10  client_tcpudp.o(.data)
    Statues_MB                               0x20000042   Data           1  client_tcpudp.o(.data)
    Mb2TcpLenth                              0x20000044   Data           4  client_tcpudp.o(.data)
    num                                      0x20000048   Data           1  client_tcpudp.o(.data)
    num1                                     0x20000049   Data           1  client_tcpudp.o(.data)
    TCPSentCreatTrm                          0x2000004c   Data           4  client_tcpudp.o(.data)
    Udpbf                                    0x20000050   Data        1024  client_tcpudp.o(.data)
    UDPSentCreatTrm                          0x20000450   Data           4  client_tcpudp.o(.data)
    wpcb                                     0x20000454   Data           4  client_tcpudp.o(.data)
    upcb                                     0x20000458   Data           4  client_tcpudp.o(.data)
    tftp_errorcode_string                    0x2000045c   Data          32  tftpserver.o(.data)
    tftptimeoutTimer                         0x2000047c   Data           1  tftpserver.o(.data)
    tftptimeout                              0x2000047d   Data           1  tftpserver.o(.data)
    Timeoutargs                              0x20000480   Data           4  tftpserver.o(.data)
    Timeoutupcb                              0x20000484   Data           4  tftpserver.o(.data)
    Timeoutaddr                              0x20000488   Data           4  tftpserver.o(.data)
    Timeoutport                              0x2000048c   Data           2  tftpserver.o(.data)
    Timeoutportpkt_buf                       0x20000490   Data           4  tftpserver.o(.data)
    UDPpcb                                   0x20000494   Data           4  tftpserver.o(.data)
    time_run                                 0x2000049c   Data           4  ds18b20srom.o(.data)
    TempCreatTrm                             0x200004a0   Data           4  ds18b20srom.o(.data)
    Day                                      0x200004a4   Data           2  ds18b20srom.o(.data)
    Count_mail                               0x200004a6   Data           2  ds18b20srom.o(.data)
    Assic                                    0x200004a8   Data           6  ds18b20srom.o(.data)
    Temp_pid                                 0x200004b0   Data           4  ds18b20srom.o(.data)
    LocalTime                                0x200004b4   Data           4  main.o(.data)
    poll_net_data_lock                       0x200004b8   Data           1  main.o(.data)
    timingdelay                              0x200004bc   Data           4  main.o(.data)
    DMATxDescToSet                           0x200004d4   Data           4  stm32_eth.o(.data)
    DMARxDescToGet                           0x200004d8   Data           4  stm32_eth.o(.data)
    DMAPTPTxDescToSet                        0x200004dc   Data           4  stm32_eth.o(.data)
    DMAPTPRxDescToGet                        0x200004e0   Data           4  stm32_eth.o(.data)
    mf                                       0x200004f0   Data           4  memp.o(.data)
    netif_list                               0x200004f4   Data           4  netif.o(.data)
    netif_default                            0x200004f8   Data           4  netif.o(.data)
    tcp_ticks                                0x2000050c   Data           4  tcp.o(.data)
    tcp_bound_pcbs                           0x20000510   Data           4  tcp.o(.data)
    tcp_listen_pcbs                          0x20000514   Data           4  tcp.o(.data)
    tcp_active_pcbs                          0x20000518   Data           4  tcp.o(.data)
    tcp_tw_pcbs                              0x2000051c   Data           4  tcp.o(.data)
    tcp_tmp_pcb                              0x20000520   Data           4  tcp.o(.data)
    tcp_active_pcbs_changed                  0x20000524   Data           1  tcp.o(.data)
    tcp_input_pcb                            0x20000544   Data           4  tcp_in.o(.data)
    udp_pcbs                                 0x2000054c   Data           4  udp.o(.data)
    current_netif                            0x20000550   Data           4  ip.o(.data)
    current_header                           0x20000554   Data           4  ip.o(.data)
    current_iphdr_src                        0x20000558   Data           4  ip.o(.data)
    current_iphdr_dest                       0x2000055c   Data           4  ip.o(.data)
    DMATxDesc                                0x2000056c   Data           4  ethernetif.o(.data)
    tcp_end_time                             0x20000570   Data           4  ethernetif.o(.data)
    arp_end_time                             0x20000574   Data           4  ethernetif.o(.data)
    MACaddr                                  0x20000578   Data           6  ethernetif.o(.data)
    SDcard                                   0x20000580   Data           1  sd.o(.data)
    max_clock                                0x20000584   Data           4  sd.o(.data)
    pxMBMasterFrameCBByteReceived            0x200005ac   Data           4  mb_m.o(.data)
    pxMBMasterFrameCBTransmitterEmpty        0x200005b0   Data           4  mb_m.o(.data)
    pxMBMasterPortCBTimerExpired             0x200005b4   Data           4  mb_m.o(.data)
    pxMBMasterFrameCBReceiveFSMCur           0x200005b8   Data           4  mb_m.o(.data)
    pxMBMasterFrameCBTransmitFSMCur          0x200005bc   Data           4  mb_m.o(.data)
    Interrupt_Extern                         0x200005c0   Data           1  pidctrl.o(.data)
    Adj_Power_Time                           0x200005c2   Data           2  pidctrl.o(.data)
    Power_Adj                                0x200005c4   Data           2  pidctrl.o(.data)
    PidCreatTrm                              0x200005c8   Data           4  pidctrl.o(.data)
    result                                   0x200005d0   Data           4  pidctrl.o(.data)
    kj                                       0x200005d4   Data           4  pidctrl.o(.data)
    a                                        0x200005d8   Data           8  ds12864.o(.data)
    line1                                    0x20000640   Data           4  ds12864.o(.data)
    line2                                    0x20000644   Data           4  ds12864.o(.data)
    line3                                    0x20000648   Data           4  ds12864.o(.data)
    line4                                    0x2000064c   Data           4  ds12864.o(.data)
    DisplayCreatTrm                          0x20000650   Data           4  ds12864.o(.data)
    MenuMachine                              0x20000654   Data           1  key.o(.data)
    SetTemp                                  0x20000658   Data           4  key.o(.data)
    SetTime                                  0x2000065c   Data           4  key.o(.data)
    RunStatus                                0x20000660   Data           4  key.o(.data)
    NowTemp                                  0x20000668   Data           4  key.o(.data)
    KeyCreatTrm                              0x2000066c   Data           4  key.o(.data)
    Trg                                      0x20000670   Data           1  key.o(.data)
    Cont                                     0x20000671   Data           1  key.o(.data)
    __stdout                                 0x20000674   Data           4  stdout.o(.data)
    netif                                    0x2000067c   Data          52  netconf.o(.bss)
    Udpbuf                                   0x200006b0   Data          10  client_tcpudp.o(.bss)
    TcpRecvBuf                               0x200006ba   Data        1500  client_tcpudp.o(.bss)
    UID_STM32                                0x20000c96   Data          16  client_tcpudp.o(.bss)
    Mb2TcpBuff                               0x20000ca6   Data         256  client_tcpudp.o(.bss)
    efs1                                     0x20000da8   Data         692  tftpserver.o(.bss)
    efs2                                     0x2000105c   Data         692  tftpserver.o(.bss)
    list1                                    0x20001310   Data          52  tftpserver.o(.bss)
    list2                                    0x20001344   Data          52  tftpserver.o(.bss)
    file_SD                                  0x20001378   Data          80  tftpserver.o(.bss)
    file_CR                                  0x200013c8   Data          80  tftpserver.o(.bss)
    temp                                     0x20001418   Data          33  ds18b20srom.o(.bss)
    ID_Buff                                  0x20001439   Data          16  ds18b20srom.o(.bss)
    mailsentbox                              0x20001449   Data          18  ds18b20srom.o(.bss)
    ram_heap                                 0x2000145b   Data        6164  mem.o(.bss)
    inf                                      0x20002c6f   Data         100  mem.o(.bss)
    lwip_stats                               0x20009598   Data         268  stats.o(.bss)
    DMARxDscrTab                             0x2000977c   Data          64  ethernetif.o(.bss)
    DMATxDscrTab                             0x200097bc   Data          32  ethernetif.o(.bss)
    Rx_Buff                                  0x200097dc   Data        6080  ethernetif.o(.bss)
    Tx_Buff                                  0x2000af9c   Data        3040  ethernetif.o(.bss)
    Eth_Buff                                 0x2000bb7c   Data        1500  ethernetif.o(.bss)
    frameds                                  0x2000c158   Data          12  ethernetif.o(.bss)
    smtp_Tcp_count                           0x2000c164   Data          40  smtp.o(.bss)
    pid                                      0x2000c2d0   Data          40  pidctrl.o(.bss)
    __initial_sp                             0x2000c6f8   Data           0  startup_stm32f10x_cl.o(STACK)



==============================================================================

Memory Map of the image

  Image Entry point : 0x08000151

  Load Region LR_IROM1 (Base: 0x08000000, Size: 0x0000f748, Max: 0x00040000, ABSOLUTE, COMPRESSED[0x0000f170])

    Execution Region ER_IROM1 (Base: 0x08000000, Size: 0x0000f0cc, Max: 0x00040000, ABSOLUTE)

    Base Addr    Size         Type   Attr      Idx    E Section Name        Object

    0x08000000   0x00000150   Data   RO         6116    RESET               startup_stm32f10x_cl.o
    0x08000150   0x00000000   Code   RO         8344  * .ARM.Collect$$$$00000000  entry.o(mc_w.l)
    0x08000150   0x00000004   Code   RO         8687    .ARM.Collect$$$$00000001  entry2.o(mc_w.l)
    0x08000154   0x00000004   Code   RO         8690    .ARM.Collect$$$$00000004  entry5.o(mc_w.l)
    0x08000158   0x00000008   Code   RO         8691    .ARM.Collect$$$$00000007  entry7.o(mc_w.l)
    0x08000160   0x00000004   Code   RO         8688    .ARM.Collect$$$$00002712  entry2.o(mc_w.l)
    0x08000164   0x00000002   Code   RO          159    .emb_text           stm32f10x_it.o
    0x08000166   0x00000002   PAD
    0x08000168   0x00000024   Code   RO         6117    .text               startup_stm32f10x_cl.o
    0x0800018c   0x00000024   Code   RO         8347    .text               memcpya.o(mc_w.l)
    0x080001b0   0x00000026   Code   RO         8349    .text               memseta.o(mc_w.l)
    0x080001d6   0x0000002c   Code   RO         8351    .text               strstr.o(mc_w.l)
    0x08000202   0x00000010   Code   RO         8355    .text               strlen.o(mc_w.l)
    0x08000212   0x0000001c   Code   RO         8357    .text               strcmp.o(mc_w.l)
    0x0800022e   0x0000001a   Code   RO         8359    .text               memcmp.o(mc_w.l)
    0x08000248   0x00000012   Code   RO         8361    .text               strcpy.o(mc_w.l)
    0x0800025a   0x0000001e   Code   RO         8363    .text               strncmp.o(mc_w.l)
    0x08000278   0x000000b0   Code   RO         8630    .text               fadd.o(mf_w.l)
    0x08000328   0x0000006a   Code   RO         8632    .text               fmul.o(mf_w.l)
    0x08000392   0x00000080   Code   RO         8634    .text               fdiv.o(mf_w.l)
    0x08000412   0x0000015e   Code   RO         8636    .text               dadd.o(mf_w.l)
    0x08000570   0x000000f0   Code   RO         8638    .text               dmul.o(mf_w.l)
    0x08000660   0x00000118   Code   RO         8640    .text               ddiv.o(mf_w.l)
    0x08000778   0x00000012   Code   RO         8642    .text               fflti.o(mf_w.l)
    0x0800078a   0x00000022   Code   RO         8644    .text               dflti.o(mf_w.l)
    0x080007ac   0x0000001a   Code   RO         8646    .text               dfltui.o(mf_w.l)
    0x080007c6   0x00000028   Code   RO         8648    .text               ffixui.o(mf_w.l)
    0x080007ee   0x00000052   Code   RO         8650    .text               dfixi.o(mf_w.l)
    0x08000840   0x00000024   Code   RO         8652    .text               f2d.o(mf_w.l)
    0x08000864   0x00000040   Code   RO         8654    .text               d2f.o(mf_w.l)
    0x080008a4   0x00000014   Code   RO         8656    .text               cfcmple.o(mf_w.l)
    0x080008b8   0x00000014   Code   RO         8658    .text               cfrcmple.o(mf_w.l)
    0x080008cc   0x0000002c   Code   RO         8695    .text               uidiv.o(mc_w.l)
    0x080008f8   0x0000005a   Code   RO         8697    .text               uldiv.o(mc_w.l)
    0x08000952   0x00000020   Code   RO         8699    .text               llshl.o(mc_w.l)
    0x08000972   0x0000001e   Code   RO         8701    .text               llushr.o(mc_w.l)
    0x08000990   0x00000022   Code   RO         8703    .text               llsshr.o(mc_w.l)
    0x080009b2   0x00000000   Code   RO         8742    .text               iusefp.o(mc_w.l)
    0x080009b2   0x0000006e   Code   RO         8743    .text               fepilogue.o(mf_w.l)
    0x08000a20   0x000000ea   Code   RO         8745    .text               depilogue.o(mf_w.l)
    0x08000b0a   0x00000040   Code   RO         8747    .text               dscalb.o(mf_w.l)
    0x08000b4a   0x00000032   Code   RO         8749    .text               dfixul.o(mf_w.l)
    0x08000b7c   0x0000004c   Code   RO         8751    .text               cdrcmple.o(mf_w.l)
    0x08000bc8   0x00000024   Code   RO         8753    .text               init.o(mc_w.l)
    0x08000bec   0x00000000   Code   RO         8757    .text               iusesemip.o(mc_w.l)
    0x08000bec   0x000000b0   Code   RO         8758    .text               dsqrt.o(mf_w.l)
    0x08000c9c   0x0000004c   Code   RO         8762    .text               cdcmple.o(mf_w.l)
    0x08000ce8   0x0000005e   Code   RO         8772    .text               __dczerorl2.o(mc_w.l)
    0x08000d46   0x00000002   PAD
    0x08000d48   0x00000030   Code   RO         7997    i.AutoRunPowerAdjTask  pidctrl.o
    0x08000d78   0x00000004   Code   RO          160    i.BusFault_Handler  stm32f10x_it.o
    0x08000d7c   0x00000050   Code   RO         8263    i.ConfigHWkey       key.o
    0x08000dcc   0x000002b4   Code   RO          763    i.DS1820main        ds18b20srom.o
    0x08001080   0x00000040   Code   RO          872    i.DS18B20_ReadBit   ds18b20srom.o
    0x080010c0   0x00000020   Code   RO          765    i.DS18B20_ReadData  ds18b20srom.o
    0x080010e0   0x00000070   Code   RO          766    i.DS18B20_ReadDesignateTemper  ds18b20srom.o
    0x08001150   0x00000064   Code   RO          768    i.DS18B20_Reset     ds18b20srom.o
    0x080011b4   0x00000030   Code   RO          770    i.DS18B20_WriteBit  ds18b20srom.o
    0x080011e4   0x0000001a   Code   RO          771    i.DS18B20_WriteData  ds18b20srom.o
    0x080011fe   0x00000002   Code   RO          161    i.DebugMon_Handler  stm32f10x_it.o
    0x08001200   0x00000034   Code   RO          772    i.Delay_init        ds18b20srom.o
    0x08001234   0x00000040   Code   RO          773    i.Delay_ms          ds18b20srom.o
    0x08001274   0x00000012   Code   RO         8114    i.Delay_nms         ds12864.o
    0x08001286   0x00000002   PAD
    0x08001288   0x00000034   Code   RO          774    i.Delay_us          ds18b20srom.o
    0x080012bc   0x000000c4   Code   RO         8115    i.Display_Task      ds12864.o
    0x08001380   0x0000000c   Code   RO         4079    i.ETH_DMAClearITPendingBit  stm32_eth.o
    0x0800138c   0x00000020   Code   RO         4080    i.ETH_DMAITConfig   stm32_eth.o
    0x080013ac   0x00000024   Code   RO         4083    i.ETH_DMAReceptionCmd  stm32_eth.o
    0x080013d0   0x00000050   Code   RO         4084    i.ETH_DMARxDescChainInit  stm32_eth.o
    0x08001420   0x00000016   Code   RO         4086    i.ETH_DMARxDescReceiveITConfig  stm32_eth.o
    0x08001436   0x00000002   PAD
    0x08001438   0x00000024   Code   RO         4089    i.ETH_DMATransmissionCmd  stm32_eth.o
    0x0800145c   0x0000004c   Code   RO         4092    i.ETH_DMATxDescChainInit  stm32_eth.o
    0x080014a8   0x00000016   Code   RO         4101    i.ETH_DeInit        stm32_eth.o
    0x080014be   0x0000000e   Code   RO         4102    i.ETH_Delay         stm32_eth.o
    0x080014cc   0x00000014   Code   RO         4107    i.ETH_FlushTransmitFIFO  stm32_eth.o
    0x080014e0   0x0000000c   Code   RO         6030    i.ETH_GetCurrentTxBuffer  ethernetif.o
    0x080014ec   0x0000000a   Code   RO         4118    i.ETH_GetDMARxDescFrameLength  stm32_eth.o
    0x080014f6   0x00000002   PAD
    0x080014f8   0x00000048   Code   RO         4133    i.ETH_GetRxPktSize  stm32_eth.o
    0x08001540   0x00000018   Code   RO         4134    i.ETH_GetSoftwareResetStatus  stm32_eth.o
    0x08001558   0x00000020   Code   RO          162    i.ETH_IRQHandler    stm32f10x_it.o
    0x08001578   0x00000258   Code   RO         4141    i.ETH_Init          stm32_eth.o
    0x080017d0   0x00000034   Code   RO         4144    i.ETH_MACAddressConfig  stm32_eth.o
    0x08001804   0x00000024   Code   RO         4149    i.ETH_MACReceptionCmd  stm32_eth.o
    0x08001828   0x00000024   Code   RO         4150    i.ETH_MACTransmissionCmd  stm32_eth.o
    0x0800184c   0x00000060   Code   RO         4161    i.ETH_ReadPHYRegister  stm32_eth.o
    0x080018ac   0x0000001c   Code   RO         6031    i.ETH_Recive_Poll   ethernetif.o
    0x080018c8   0x000000a0   Code   RO         6032    i.ETH_RxPkt_ChainMode  ethernetif.o
    0x08001968   0x00000014   Code   RO         4172    i.ETH_SoftwareReset  stm32_eth.o
    0x0800197c   0x00000020   Code   RO         4173    i.ETH_Start         stm32_eth.o
    0x0800199c   0x000000a4   Code   RO         4174    i.ETH_StructInit    stm32_eth.o
    0x08001a40   0x000000b4   Code   RO         6033    i.ETH_TxPkt_ChainMode  ethernetif.o
    0x08001af4   0x0000005c   Code   RO         4176    i.ETH_WritePHYRegister  stm32_eth.o
    0x08001b50   0x00000020   Code   RO         7998    i.EXTI4_IRQHandler  pidctrl.o
    0x08001b70   0x0000000c   Code   RO         1836    i.EXTI_ClearITPendingBit  stm32f10x_exti.o
    0x08001b7c   0x000000ac   Code   RO         1841    i.EXTI_Init         stm32f10x_exti.o
    0x08001c28   0x00000088   Code   RO          237    i.Ethernet_Configuration  stm32f107.o
    0x08001cb0   0x00000004   Code   RO          452    i.FS_Write          filesystem.o
    0x08001cb4   0x00000004   Code   RO          453    i.FS_Writehtml      filesystem.o
    0x08001cb8   0x0000010c   Code   RO          238    i.GPIO_Configuration  stm32f107.o
    0x08001dc4   0x0000000c   Code   RO         2188    i.GPIO_ETH_MediaInterfaceConfig  stm32f10x_gpio.o
    0x08001dd0   0x0000003c   Code   RO         2189    i.GPIO_EXTILineConfig  stm32f10x_gpio.o
    0x08001e0c   0x00000110   Code   RO         2192    i.GPIO_Init         stm32f10x_gpio.o
    0x08001f1c   0x0000008c   Code   RO         2194    i.GPIO_PinRemapConfig  stm32f10x_gpio.o
    0x08001fa8   0x00000012   Code   RO         2196    i.GPIO_ReadInputDataBit  stm32f10x_gpio.o
    0x08001fba   0x00000004   Code   RO         2199    i.GPIO_ResetBits    stm32f10x_gpio.o
    0x08001fbe   0x00000004   Code   RO         2200    i.GPIO_SetBits      stm32f10x_gpio.o
    0x08001fc2   0x00000002   PAD
    0x08001fc4   0x0000016c   Code   RO         4779    i.Getmeminf         mem.o
    0x08002130   0x0000000a   Code   RO          163    i.HardFault_Handler  stm32f10x_it.o
    0x0800213a   0x00000002   PAD
    0x0800213c   0x00000044   Code   RO         8116    i.InitHW12864       ds12864.o
    0x08002180   0x0000000c   Code   RO         7999    i.InitSSR           pidctrl.o
    0x0800218c   0x0000009a   Code   RO          970    i.InitTIM           main.o
    0x08002226   0x00000002   PAD
    0x08002228   0x0000002c   Code   RO          775    i.Init_DS18B20_IO   ds18b20srom.o
    0x08002254   0x000000b8   Code   RO         8000    i.InitzeroGPIO      pidctrl.o
    0x0800230c   0x00000048   Code   RO         8264    i.KeyConfigDown     key.o
    0x08002354   0x0000003c   Code   RO         8265    i.KeyConfigOk       key.o
    0x08002390   0x00000018   Code   RO         8266    i.KeyConfigSetTemp  key.o
    0x080023a8   0x00000018   Code   RO         8267    i.KeyConfigSetTime  key.o
    0x080023c0   0x00000048   Code   RO         8268    i.KeyConfigUp       key.o
    0x08002408   0x00000050   Code   RO         8269    i.KeyProc           key.o
    0x08002458   0x0000008c   Code   RO         8270    i.KeyRead           key.o
    0x080024e4   0x00000020   Code   RO         8271    i.KeyScane          key.o
    0x08002504   0x00000044   Code   RO         8118    i.LCD_Setaddress    ds12864.o
    0x08002548   0x0000002c   Code   RO         8122    i.LCD_init          ds12864.o
    0x08002574   0x00000044   Code   RO         8123    i.LCD_sendbyte      ds12864.o
    0x080025b8   0x00000024   Code   RO         8124    i.LCD_write_com     ds12864.o
    0x080025dc   0x00000024   Code   RO         8126    i.LCD_write_dat     ds12864.o
    0x08002600   0x00000060   Code   RO            1    i.LwIP_Init         netconf.o
    0x08002660   0x00000040   Code   RO            2    i.LwIP_Periodic_Handle  netconf.o
    0x080026a0   0x00000010   Code   RO            3    i.LwIP_Pkt_Handle   netconf.o
    0x080026b0   0x00000054   Code   RO         8127    i.MainDisplayInterface  ds12864.o
    0x08002704   0x00000004   Code   RO          164    i.MemManage_Handler  stm32f10x_it.o
    0x08002708   0x00000002   Code   RO          165    i.NMI_Handler       stm32f10x_it.o
    0x0800270a   0x0000003e   Code   RO          239    i.NVIC_Configuration  stm32f107.o
    0x08002748   0x00000084   Code   RO         1017    i.NVIC_Init         misc.o
    0x080027cc   0x00000014   Code   RO         1018    i.NVIC_PriorityGroupConfig  misc.o
    0x080027e0   0x00000028   Code   RO          240    i.NVIC_SetPriority  stm32f107.o
    0x08002808   0x00000014   Code   RO         1019    i.NVIC_SetVectorTable  misc.o
    0x0800281c   0x00000002   Code   RO          166    i.PendSV_Handler    stm32f10x_it.o
    0x0800281e   0x00000002   PAD
    0x08002820   0x0000032c   Code   RO         8001    i.PidThread         pidctrl.o
    0x08002b4c   0x0000018c   Code   RO         8002    i.ProcessTcpSrting  pidctrl.o
    0x08002cd8   0x00000020   Code   RO         2613    i.RCC_AHBPeriphClockCmd  stm32f10x_rcc.o
    0x08002cf8   0x00000020   Code   RO         2614    i.RCC_AHBPeriphResetCmd  stm32f10x_rcc.o
    0x08002d18   0x00000020   Code   RO         2615    i.RCC_APB1PeriphClockCmd  stm32f10x_rcc.o
    0x08002d38   0x00000020   Code   RO         2617    i.RCC_APB2PeriphClockCmd  stm32f10x_rcc.o
    0x08002d58   0x0000018c   Code   RO         2625    i.RCC_GetClocksFreq  stm32f10x_rcc.o
    0x08002ee4   0x0000000c   Code   RO         2637    i.RCC_MCOConfig     stm32f10x_rcc.o
    0x08002ef0   0x00000054   Code   RO         6034    i.Read_Eth_Packet   ethernetif.o
    0x08002f44   0x00000038   Code   RO         8128    i.RunStat2Display   ds12864.o
    0x08002f7c   0x00000018   Code   RO         3153    i.SPI_Cmd           stm32f10x_spi.o
    0x08002f94   0x0000009c   Code   RO         7179    i.SPI_Config        sd_stm32.o
    0x08003030   0x00000012   Code   RO         3161    i.SPI_I2S_GetFlagStatus  stm32f10x_spi.o
    0x08003042   0x00000006   Code   RO         3164    i.SPI_I2S_ReceiveData  stm32f10x_spi.o
    0x08003048   0x00000004   Code   RO         3165    i.SPI_I2S_SendData  stm32f10x_spi.o
    0x0800304c   0x0000003c   Code   RO         3166    i.SPI_Init          stm32f10x_spi.o
    0x08003088   0x00000002   Code   RO          167    i.SVC_Handler       stm32f10x_it.o
    0x0800308a   0x00000002   PAD
    0x0800308c   0x00000074   Code   RO          281    i.SendDataToSever   client_tcpudp.o
    0x08003100   0x0000002c   Code   RO          776    i.Set18b20IOin      ds18b20srom.o
    0x0800312c   0x0000002c   Code   RO          777    i.Set18b20IOout     ds18b20srom.o
    0x08003158   0x00000008   Code   RO         6121    i.SetSysClock       system_stm32f10x.o
    0x08003160   0x00000100   Code   RO         6122    i.SetSysClockTo72   system_stm32f10x.o
    0x08003260   0x0000003c   Code   RO         8129    i.SetTemp2Display   ds12864.o
    0x0800329c   0x00000048   Code   RO         8130    i.SetTempDisplayInterface  ds12864.o
    0x080032e4   0x0000003c   Code   RO         8131    i.SetTime2Display   ds12864.o
    0x08003320   0x00000048   Code   RO         8132    i.SetTimeDisplayInterface  ds12864.o
    0x08003368   0x0000002c   Code   RO         6035    i.Set_MAC_Address   ethernetif.o
    0x08003394   0x0000003c   Code   RO         8133    i.Set_NowTemp2Display  ds12864.o
    0x080033d0   0x00000010   Code   RO         8003    i.Set_Power         pidctrl.o
    0x080033e0   0x00000008   Code   RO          168    i.SysTick_Handler   stm32f10x_it.o
    0x080033e8   0x0000006c   Code   RO         6124    i.SystemInit        system_stm32f10x.o
    0x08003454   0x0000006e   Code   RO          241    i.System_Setup      stm32f107.o
    0x080034c2   0x00000002   PAD
    0x080034c4   0x0000002c   Code   RO          971    i.TIM2_IRQHandler   main.o
    0x080034f0   0x00000028   Code   RO         7852    i.TIM3_IRQHandler   porttimer_m.o
    0x08003518   0x00000034   Code   RO         8004    i.TIM4_IRQHandler   pidctrl.o
    0x0800354c   0x00000018   Code   RO         3296    i.TIM_ARRPreloadConfig  stm32f10x_tim.o
    0x08003564   0x00000006   Code   RO         3302    i.TIM_ClearFlag     stm32f10x_tim.o
    0x0800356a   0x00000006   Code   RO         3303    i.TIM_ClearITPendingBit  stm32f10x_tim.o
    0x08003570   0x00000018   Code   RO         3308    i.TIM_Cmd           stm32f10x_tim.o
    0x08003588   0x00000022   Code   RO         3329    i.TIM_GetITStatus   stm32f10x_tim.o
    0x080035aa   0x00000018   Code   RO         3333    i.TIM_ITConfig      stm32f10x_tim.o
    0x080035c2   0x00000004   Code   RO         3373    i.TIM_SetCounter    stm32f10x_tim.o
    0x080035c6   0x00000002   PAD
    0x080035c8   0x000000a4   Code   RO         3379    i.TIM_TimeBaseInit  stm32f10x_tim.o
    0x0800366c   0x00000068   Code   RO          282    i.TcpTestThread     client_tcpudp.o
    0x080036d4   0x00000040   Code   RO          283    i.Tcp_accept        client_tcpudp.o
    0x08003714   0x00000028   Code   RO          284    i.Tcp_recv          client_tcpudp.o
    0x0800373c   0x0000002c   Code   RO          778    i.TemperatureThread  ds18b20srom.o
    0x08003768   0x0000005c   Code   RO          568    i.TftpTrm250ms      tftpserver.o
    0x080037c4   0x00000002   Code   RO          972    i.Time_Update       main.o
    0x080037c6   0x0000000e   Code   RO         8005    i.Trdelay           pidctrl.o
    0x080037d4   0x0000001c   Code   RO         8006    i.Trigger_SSR_Task  pidctrl.o
    0x080037f0   0x00000038   Code   RO         7901    i.USART2_IRQHandler  portserial_m.o
    0x08003828   0x0000001e   Code   RO         3841    i.USART_ClearITPendingBit  stm32f10x_usart.o
    0x08003846   0x00000054   Code   RO         3848    i.USART_GetITStatus  stm32f10x_usart.o
    0x0800389a   0x00000004   Code   RO          169    i.UsageFault_Handler  stm32f10x_it.o
    0x0800389e   0x00000002   PAD
    0x080038a0   0x00000020   Code   RO          779    i.Write18b20IO      ds18b20srom.o
    0x080038c0   0x00000020   Code   RO         8600    i.__0printf         printfa.o(mc_w.l)
    0x080038e0   0x00000028   Code   RO         8602    i.__0sprintf        printfa.o(mc_w.l)
    0x08003908   0x000000aa   Code   RO         8667    i.__kernel_poly     poly.o(m_ws.l)
    0x080039b2   0x0000000e   Code   RO         8766    i.__scatterload_copy  handlers.o(mc_w.l)
    0x080039c0   0x00000002   Code   RO         8767    i.__scatterload_null  handlers.o(mc_w.l)
    0x080039c2   0x0000000e   Code   RO         8768    i.__scatterload_zeroinit  handlers.o(mc_w.l)
    0x080039d0   0x0000000c   Code   RO         8735    i.__set_errno       errno.o(mc_w.l)
    0x080039dc   0x000001a0   Code   RO         8607    i._fp_digits        printfa.o(mc_w.l)
    0x08003b7c   0x00000720   Code   RO         8608    i._printf_core      printfa.o(mc_w.l)
    0x0800429c   0x00000026   Code   RO         8609    i._printf_post_padding  printfa.o(mc_w.l)
    0x080042c2   0x0000002e   Code   RO         8610    i._printf_pre_padding  printfa.o(mc_w.l)
    0x080042f0   0x0000000a   Code   RO         8612    i._sputc            printfa.o(mc_w.l)
    0x080042fa   0x00000002   Code   RO          286    i.conn_err          client_tcpudp.o
    0x080042fc   0x00000058   Code   RO         7073    i.crc7              sd.o
    0x08004354   0x0000006e   Code   RO         6155    i.dir_addCluster    dir.o
    0x080043c2   0x00000036   Code   RO         6156    i.dir_createDefaultEntry  dir.o
    0x080043f8   0x00000030   Code   RO         6157    i.dir_createDirectoryEntry  dir.o
    0x08004428   0x0000006c   Code   RO         6158    i.dir_findFileinBuf  dir.o
    0x08004494   0x00000048   Code   RO         6159    i.dir_findFreeEntryinBuf  dir.o
    0x080044dc   0x00000030   Code   RO         6160    i.dir_findinBuf     dir.o
    0x0800450c   0x00000078   Code   RO         6161    i.dir_findinCluster  dir.o
    0x08004584   0x0000006c   Code   RO         6162    i.dir_findinDir     dir.o
    0x080045f0   0x00000086   Code   RO         6163    i.dir_findinRootArea  dir.o
    0x08004676   0x00000048   Code   RO         6164    i.dir_getFatFileName  dir.o
    0x080046be   0x00000030   Code   RO         6165    i.dir_getFileStructure  dir.o
    0x080046ee   0x0000002a   Code   RO         6166    i.dir_setFileSize   dir.o
    0x08004718   0x00000034   Code   RO         6167    i.dir_setFirstCluster  dir.o
    0x0800474c   0x00000032   Code   RO         6168    i.dir_updateDirectoryEntry  dir.o
    0x0800477e   0x00000014   Code   RO         6248    i.disc_initDisc     disc.o
    0x08004792   0x0000003c   Code   RO         6249    i.disc_loadMBR      disc.o
    0x080047ce   0x0000007a   Code   RO         6269    i.efs_init          efs.o
    0x08004848   0x00000180   Code   RO         5939    i.etharp_arp_input  etharp.o
    0x080049c8   0x000001b4   Code   RO         5942    i.etharp_find_entry  etharp.o
    0x08004b7c   0x00000040   Code   RO         5943    i.etharp_free_entry  etharp.o
    0x08004bbc   0x0000017c   Code   RO         5944    i.etharp_output     etharp.o
    0x08004d38   0x00000080   Code   RO         5945    i.etharp_output_to_arp_index  etharp.o
    0x08004db8   0x000001cc   Code   RO         5946    i.etharp_query      etharp.o
    0x08004f84   0x0000010c   Code   RO         5947    i.etharp_raw        etharp.o
    0x08005090   0x0000002c   Code   RO         5948    i.etharp_request    etharp.o
    0x080050bc   0x00000042   Code   RO         5949    i.etharp_send_ip    etharp.o
    0x080050fe   0x00000002   PAD
    0x08005100   0x0000008c   Code   RO         5950    i.etharp_tmr        etharp.o
    0x0800518c   0x000000cc   Code   RO         5951    i.etharp_update_arp_entry  etharp.o
    0x08005258   0x000000ec   Code   RO         5952    i.ethernet_input    etharp.o
    0x08005344   0x00000058   Code   RO         6036    i.ethernetif_init   ethernetif.o
    0x0800539c   0x0000002c   Code   RO         6037    i.ethernetif_input  ethernetif.o
    0x080053c8   0x0000004c   Code   RO         6284    i.ex_getPartitionField  extract.o
    0x08005414   0x00000010   Code   RO         6285    i.ex_getb16         extract.o
    0x08005424   0x0000001e   Code   RO         6286    i.ex_getb32         extract.o
    0x08005442   0x00000046   Code   RO         6326    i.fat_DiscToLogicCluster  fat.o
    0x08005488   0x0000005c   Code   RO         6327    i.fat_LogicToDiscCluster  fat.o
    0x080054e4   0x0000013a   Code   RO         6328    i.fat_allocClusterChain  fat.o
    0x0800561e   0x00000038   Code   RO         6329    i.fat_countClustersInChain  fat.o
    0x08005656   0x000000c0   Code   RO         6331    i.fat_getNextClusterAddress  fat.o
    0x08005716   0x000000a0   Code   RO         6332    i.fat_getNextClusterAddressWBuf  fat.o
    0x080057b6   0x000000b0   Code   RO         6333    i.fat_getNextClusterChain  fat.o
    0x08005866   0x00000050   Code   RO         6334    i.fat_getSectorAddressFatEntry  fat.o
    0x080058b6   0x0000002a   Code   RO         6335    i.fat_giveEocMarker  fat.o
    0x080058e0   0x0000004c   Code   RO         6336    i.fat_isEocMarker   fat.o
    0x0800592c   0x00000130   Code   RO         6337    i.fat_setNextClusterAddress  fat.o
    0x08005a5c   0x000000f0   Code   RO         6338    i.fat_setNextClusterAddressWBuf  fat.o
    0x08005b4c   0x00000068   Code   RO         6419    i.file_fclose       file.o
    0x08005bb4   0x0000027a   Code   RO         6420    i.file_fopen        file.o
    0x08005e2e   0x0000011a   Code   RO         6421    i.file_fread        file.o
    0x08005f48   0x00000160   Code   RO         6422    i.file_fwrite       file.o
    0x080060a8   0x0000000e   Code   RO         6423    i.file_getAttr      file.o
    0x080060b6   0x00000032   Code   RO         6424    i.file_initFile     file.o
    0x080060e8   0x00000096   Code   RO         6425    i.file_normalToFatName  file.o
    0x0800617e   0x00000024   Code   RO         6426    i.file_read         file.o
    0x080061a2   0x0000006e   Code   RO         6427    i.file_requiredCluster  file.o
    0x08006210   0x00000024   Code   RO         6428    i.file_setAttr      file.o
    0x08006234   0x00000014   Code   RO         6429    i.file_setpos       file.o
    0x08006248   0x00000044   Code   RO         6430    i.file_validateChar  file.o
    0x0800628c   0x00000024   Code   RO         6431    i.file_write        file.o
    0x080062b0   0x00000010   Code   RO         8692    i.fputc             fputc.o(mc_w.l)
    0x080062c0   0x00000046   Code   RO         6503    i.fs_clearCluster   fs.o
    0x08006306   0x00000038   Code   RO         6504    i.fs_clusterToSector  fs.o
    0x0800633e   0x00000058   Code   RO         6505    i.fs_countDataSectors  fs.o
    0x08006396   0x00000034   Code   RO         6506    i.fs_determineFatType  fs.o
    0x080063ca   0x000000d0   Code   RO         6507    i.fs_findFile       fs.o
    0x0800649a   0x0000002e   Code   RO         6508    i.fs_findFirstSectorRootDir  fs.o
    0x080064c8   0x00000070   Code   RO         6509    i.fs_findFreeFile   fs.o
    0x08006538   0x00000010   Code   RO         6510    i.fs_flushFs        fs.o
    0x08006548   0x00000012   Code   RO         6511    i.fs_getFirstClusterRootDir  fs.o
    0x0800655a   0x0000003c   Code   RO         6513    i.fs_getLastCluster  fs.o
    0x08006596   0x00000026   Code   RO         6514    i.fs_getNextFreeCluster  fs.o
    0x080065bc   0x00000006   Code   RO         6515    i.fs_giveFreeClusterHint  fs.o
    0x080065c2   0x00000004   Code   RO         7025    i.fs_hasTimeSupport  time.o
    0x080065c6   0x00000010   Code   RO         6516    i.fs_initClusterChain  fs.o
    0x080065d6   0x0000000e   Code   RO         6517    i.fs_initCurrentDir  fs.o
    0x080065e4   0x00000048   Code   RO         6518    i.fs_initFs         fs.o
    0x0800662c   0x00000032   Code   RO         6519    i.fs_isValidFat     fs.o
    0x0800665e   0x00000074   Code   RO         6520    i.fs_loadVolumeId   fs.o
    0x080066d2   0x00000008   Code   RO         6522    i.fs_setFirstClusterInDirEntry  fs.o
    0x080066da   0x0000000c   Code   RO         6524    i.fs_umount         fs.o
    0x080066e6   0x000000b2   Code   RO         6525    i.fs_verifySanity   fs.o
    0x08006798   0x00000006   Code   RO         7074    i.get_spi_BaudRatePrescaler  sd.o
    0x0800679e   0x00000012   Code   RO         5644    i.icmp_dest_unreach  icmp.o
    0x080067b0   0x00000234   Code   RO         5645    i.icmp_input        icmp.o
    0x080069e4   0x00000098   Code   RO         5646    i.icmp_send_response  icmp.o
    0x08006a7c   0x00000012   Code   RO         5647    i.icmp_time_exceeded  icmp.o
    0x08006a8e   0x0000004c   Code   RO         7180    i.if_initInterface  sd_stm32.o
    0x08006ada   0x00000018   Code   RO         7181    i.if_readBuf        sd_stm32.o
    0x08006af2   0x00000002   PAD
    0x08006af4   0x0000002c   Code   RO         7183    i.if_spiInit        sd_stm32.o
    0x08006b20   0x00000054   Code   RO         7184    i.if_spiSend        sd_stm32.o
    0x08006b74   0x00000014   Code   RO         7185    i.if_writeBuf       sd_stm32.o
    0x08006b88   0x00000014   Code   RO         5689    i.inet_chksum       inet_chksum.o
    0x08006b9c   0x00000056   Code   RO         5690    i.inet_chksum_pbuf  inet_chksum.o
    0x08006bf2   0x000000be   Code   RO         5691    i.inet_chksum_pseudo  inet_chksum.o
    0x08006cb0   0x0000009c   Code   RO         8007    i.initBta16TMER     pidctrl.o
    0x08006d4c   0x00000024   Code   RO         8008    i.init_PID          pidctrl.o
    0x08006d70   0x00000028   Code   RO         6648    i.ioman_decUseCnt   ioman.o
    0x08006d98   0x00000086   Code   RO         6649    i.ioman_directSectorRead  ioman.o
    0x08006e1e   0x000000a8   Code   RO         6650    i.ioman_directSectorWrite  ioman.o
    0x08006ec6   0x00000028   Code   RO         6651    i.ioman_findFreeSpot  ioman.o
    0x08006eee   0x00000074   Code   RO         6652    i.ioman_findOverallocableSpot  ioman.o
    0x08006f62   0x00000036   Code   RO         6653    i.ioman_findSectorInCache  ioman.o
    0x08006f98   0x00000092   Code   RO         6654    i.ioman_findUnusedSpot  ioman.o
    0x0800702a   0x0000006e   Code   RO         6656    i.ioman_flushRange  ioman.o
    0x08007098   0x00000060   Code   RO         6657    i.ioman_flushSector  ioman.o
    0x080070f8   0x00000020   Code   RO         6658    i.ioman_getAttr     ioman.o
    0x08007118   0x0000002e   Code   RO         6659    i.ioman_getBp       ioman.o
    0x08007146   0x00000008   Code   RO         6660    i.ioman_getBuffer   ioman.o
    0x0800714e   0x00000018   Code   RO         6661    i.ioman_getPtr      ioman.o
    0x08007166   0x00000018   Code   RO         6662    i.ioman_getRefCnt   ioman.o
    0x0800717e   0x00000144   Code   RO         6663    i.ioman_getSector   ioman.o
    0x080072c2   0x00000018   Code   RO         6664    i.ioman_getUseCnt   ioman.o
    0x080072da   0x0000002a   Code   RO         6665    i.ioman_incRefCnt   ioman.o
    0x08007304   0x0000002a   Code   RO         6666    i.ioman_incUseCnt   ioman.o
    0x0800732e   0x00000024   Code   RO         6667    i.ioman_init        ioman.o
    0x08007352   0x00000080   Code   RO         6668    i.ioman_pop         ioman.o
    0x080073d2   0x00000078   Code   RO         6670    i.ioman_push        ioman.o
    0x0800744a   0x0000004c   Code   RO         6671    i.ioman_putSectorInCache  ioman.o
    0x08007496   0x0000002e   Code   RO         6672    i.ioman_readSector  ioman.o
    0x080074c4   0x0000005a   Code   RO         6673    i.ioman_releaseSector  ioman.o
    0x0800751e   0x0000007a   Code   RO         6674    i.ioman_reset       ioman.o
    0x08007598   0x00000024   Code   RO         6675    i.ioman_resetCacheItem  ioman.o
    0x080075bc   0x00000038   Code   RO         6678    i.ioman_setAttr     ioman.o
    0x080075f4   0x00000030   Code   RO         6679    i.ioman_writeSector  ioman.o
    0x08007624   0x0000004e   Code   RO         5769    i.ip4_addr_isbroadcast  ip_addr.o
    0x08007672   0x00000002   PAD
    0x08007674   0x000001c0   Code   RO         5822    i.ip_frag           ip_frag.o
    0x08007834   0x0000000a   Code   RO         5823    i.ip_frag_alloc_pbuf_custom_ref  ip_frag.o
    0x0800783e   0x00000018   Code   RO         5824    i.ip_frag_free_pbuf_custom_ref  ip_frag.o
    0x08007856   0x00000002   PAD
    0x08007858   0x00000238   Code   RO         5730    i.ip_input          ip.o
    0x08007a90   0x0000005c   Code   RO         5731    i.ip_output         ip.o
    0x08007aec   0x00000168   Code   RO         5732    i.ip_output_if      ip.o
    0x08007c54   0x000001c8   Code   RO         5825    i.ip_reass          ip_frag.o
    0x08007e1c   0x000001a8   Code   RO         5826    i.ip_reass_chain_frag_into_datagram_and_validate  ip_frag.o
    0x08007fc4   0x00000034   Code   RO         5827    i.ip_reass_dequeue_datagram  ip_frag.o
    0x08007ff8   0x00000064   Code   RO         5828    i.ip_reass_enqueue_new_datagram  ip_frag.o
    0x0800805c   0x000000dc   Code   RO         5829    i.ip_reass_free_complete_datagram  ip_frag.o
    0x08008138   0x0000007c   Code   RO         5830    i.ip_reass_remove_oldest_datagram  ip_frag.o
    0x080081b4   0x00000068   Code   RO         5733    i.ip_route          ip.o
    0x0800821c   0x0000002e   Code   RO         5832    i.ipfrag_free_pbuf_custom  ip_frag.o
    0x0800824a   0x00000002   PAD
    0x0800824c   0x0000008c   Code   RO         6038    i.low_level_init    ethernetif.o
    0x080082d8   0x0000004c   Code   RO         6039    i.low_level_input   ethernetif.o
    0x08008324   0x00000034   Code   RO         6040    i.low_level_output  ethernetif.o
    0x08008358   0x00000044   Code   RO         6860    i.ls_openDir        ls.o
    0x0800839c   0x0000001a   Code   RO         4685    i.lwip_htonl        def.o
    0x080083b6   0x0000000c   Code   RO         4686    i.lwip_htons        def.o
    0x080083c2   0x0000000c   Code   RO         4687    i.lwip_ntohl        def.o
    0x080083ce   0x0000000c   Code   RO         4688    i.lwip_ntohs        def.o
    0x080083da   0x0000005e   Code   RO         5693    i.lwip_standard_chksum  inet_chksum.o
    0x08008438   0x0000006c   Code   RO          973    i.main              main.o
    0x080084a4   0x00000012   Code   RO         6989    i.memClr            plibc.o
    0x080084b6   0x00000018   Code   RO         6990    i.memCpy            plibc.o
    0x080084ce   0x00000002   PAD
    0x080084d0   0x000000a4   Code   RO         4781    i.mem_free          mem.o
    0x08008574   0x00000068   Code   RO         4782    i.mem_init          mem.o
    0x080085dc   0x000001ac   Code   RO         4783    i.mem_malloc        mem.o
    0x08008788   0x0000019c   Code   RO         4784    i.mem_trim          mem.o
    0x08008924   0x0000005c   Code   RO         4833    i.memp_free         memp.o
    0x08008980   0x0000009c   Code   RO         4834    i.memp_init         memp.o
    0x08008a1c   0x000000c4   Code   RO         4835    i.memp_malloc       memp.o
    0x08008ae0   0x0000002c   Code   RO         7186    i.my_if_spiSend     sd_stm32.o
    0x08008b0c   0x00000038   Code   RO          546    i.netbios_init      netbios.o
    0x08008b44   0x0000007e   Code   RO          547    i.netbios_name_decoding  netbios.o
    0x08008bc2   0x00000002   PAD
    0x08008bc4   0x00000110   Code   RO          548    i.netbios_recv      netbios.o
    0x08008cd4   0x00000078   Code   RO         4877    i.netif_add         netif.o
    0x08008d4c   0x00000028   Code   RO         4881    i.netif_set_addr    netif.o
    0x08008d74   0x0000000c   Code   RO         4882    i.netif_set_default  netif.o
    0x08008d80   0x0000000c   Code   RO         4884    i.netif_set_gw      netif.o
    0x08008d8c   0x00000088   Code   RO         4885    i.netif_set_ipaddr  netif.o
    0x08008e14   0x0000000c   Code   RO         4888    i.netif_set_netmask  netif.o
    0x08008e20   0x00000036   Code   RO         4889    i.netif_set_up      netif.o
    0x08008e56   0x00000024   Code   RO         6920    i.part_directSectorRead  partition.o
    0x08008e7a   0x00000024   Code   RO         6921    i.part_directSectorWrite  partition.o
    0x08008e9e   0x0000002e   Code   RO         6922    i.part_flushPart    partition.o
    0x08008ecc   0x00000014   Code   RO         6923    i.part_getRealLBA   partition.o
    0x08008ee0   0x00000024   Code   RO         6924    i.part_getSect      partition.o
    0x08008f04   0x0000002e   Code   RO         6925    i.part_initPartition  partition.o
    0x08008f32   0x00000026   Code   RO         6926    i.part_isFatPart    partition.o
    0x08008f58   0x00000012   Code   RO         6928    i.part_relSect      partition.o
    0x08008f6a   0x00000212   Code   RO         4974    i.pbuf_alloc        pbuf.o
    0x0800917c   0x0000006e   Code   RO         4975    i.pbuf_alloced_custom  pbuf.o
    0x080091ea   0x0000004c   Code   RO         4976    i.pbuf_cat          pbuf.o
    0x08009236   0x00000016   Code   RO         4977    i.pbuf_chain        pbuf.o
    0x0800924c   0x00000012   Code   RO         4978    i.pbuf_clen         pbuf.o
    0x0800925e   0x000000e4   Code   RO         4980    i.pbuf_copy         pbuf.o
    0x08009342   0x0000009a   Code   RO         4981    i.pbuf_copy_partial  pbuf.o
    0x080093dc   0x000000ba   Code   RO         4983    i.pbuf_free         pbuf.o
    0x08009496   0x0000008c   Code   RO         4985    i.pbuf_header       pbuf.o
    0x08009522   0x000000b2   Code   RO         4988    i.pbuf_realloc      pbuf.o
    0x080095d4   0x0000000a   Code   RO         4989    i.pbuf_ref          pbuf.o
    0x080095de   0x00000002   PAD
    0x080095e0   0x000001d4   Code   RO         8009    i.pid_calculate     pidctrl.o
    0x080097b4   0x00000060   Code   RO         8011    i.pid_init          pidctrl.o
    0x08009814   0x0000000a   Code   RO         8012    i.pid_set           pidctrl.o
    0x0800981e   0x00000002   PAD
    0x08009820   0x000000b8   Code   RO         4785    i.plug_holes        mem.o
    0x080098d8   0x00000a10   Code   RO         8327    i.pow               pow.o(m_ws.l)
    0x0800a2e8   0x00000016   Code   RO         8135    i.print             ds12864.o
    0x0800a2fe   0x00000002   PAD
    0x0800a300   0x000001a8   Code   RO          569    i.process_tftp_request  tftpserver.o
    0x0800a4a8   0x00000010   Code   RO         7853    i.prvvTIMERExpiredISR  porttimer_m.o
    0x0800a4b8   0x00000010   Code   RO         7902    i.prvvUARTRxISR     portserial_m.o
    0x0800a4c8   0x00000010   Code   RO         7903    i.prvvUARTTxReadyISR  portserial_m.o
    0x0800a4d8   0x00000078   Code   RO         5093    i.raw_input         raw.o
    0x0800a550   0x00000022   Code   RO          570    i.recv_callback_tftp  tftpserver.o
    0x0800a572   0x00000002   PAD
    0x0800a574   0x00000070   Code   RO          571    i.rrq_recv_callback  tftpserver.o
    0x0800a5e4   0x00000052   Code   RO         7075    i.sd_Command        sd.o
    0x0800a636   0x0000008c   Code   RO         7076    i.sd_Command_crc    sd.o
    0x0800a6c2   0x00000002   PAD
    0x0800a6c4   0x00000278   Code   RO         7077    i.sd_Init           sd.o
    0x0800a93c   0x00000020   Code   RO         7078    i.sd_Resp16b        sd.o
    0x0800a95c   0x00000026   Code   RO         7079    i.sd_Resp8b         sd.o
    0x0800a982   0x00000034   Code   RO         7080    i.sd_Resp8bError    sd.o
    0x0800a9b6   0x00000070   Code   RO         7081    i.sd_State          sd.o
    0x0800aa26   0x00000002   PAD
    0x0800aa28   0x00000170   Code   RO         7082    i.sd_getDriveSize   sd.o
    0x0800ab98   0x000000b4   Code   RO         7083    i.sd_readSector     sd.o
    0x0800ac4c   0x0000008c   Code   RO         7084    i.sd_writeSector    sd.o
    0x0800acd8   0x0000003c   Code   RO         8680    i.sqrt              sqrt.o(m_ws.l)
    0x0800ad14   0x0000001e   Code   RO         6992    i.strMatch          plibc.o
    0x0800ad32   0x00000002   PAD
    0x0800ad34   0x000000a0   Code   RO         5172    i.tcp_abandon       tcp.o
    0x0800add4   0x0000000e   Code   RO         5173    i.tcp_abort         tcp.o
    0x0800ade2   0x00000004   Code   RO         5174    i.tcp_accept        tcp.o
    0x0800ade6   0x00000008   Code   RO         5175    i.tcp_accept_null   tcp.o
    0x0800adee   0x00000002   PAD
    0x0800adf0   0x00000118   Code   RO         5176    i.tcp_alloc         tcp.o
    0x0800af08   0x000000b0   Code   RO         5178    i.tcp_bind          tcp.o
    0x0800afb8   0x00000064   Code   RO          287    i.tcp_client_callback  client_tcpudp.o
    0x0800b01c   0x00000060   Code   RO          288    i.tcp_client_connected  client_tcpudp.o
    0x0800b07c   0x00000028   Code   RO          289    i.tcp_client_err    client_tcpudp.o
    0x0800b0a4   0x00000290   Code   RO          291    i.tcp_client_reciver  client_tcpudp.o
    0x0800b334   0x0000001c   Code   RO         5179    i.tcp_close         tcp.o
    0x0800b350   0x000001d4   Code   RO         5180    i.tcp_close_shutdown  tcp.o
    0x0800b524   0x0000015c   Code   RO         5181    i.tcp_connect       tcp.o
    0x0800b680   0x000000e0   Code   RO         5458    i.tcp_create_segment  tcp_out.o
    0x0800b760   0x0000002e   Code   RO         5183    i.tcp_eff_send_mss  tcp.o
    0x0800b78e   0x00000002   PAD
    0x0800b790   0x0000018c   Code   RO         5459    i.tcp_enqueue_flags  tcp_out.o
    0x0800b91c   0x00000014   Code   RO         5184    i.tcp_err           tcp.o
    0x0800b930   0x00000084   Code   RO         5185    i.tcp_fasttmr       tcp.o
    0x0800b9b4   0x000005a4   Code   RO         5407    i.tcp_input         tcp_in.o
    0x0800bf58   0x00000068   Code   RO         5460    i.tcp_keepalive     tcp_out.o
    0x0800bfc0   0x00000054   Code   RO         5187    i.tcp_kill_prio     tcp.o
    0x0800c014   0x0000003c   Code   RO         5188    i.tcp_kill_timewait  tcp.o
    0x0800c050   0x00000148   Code   RO         5408    i.tcp_listen_input  tcp_in.o
    0x0800c198   0x000000dc   Code   RO         5189    i.tcp_listen_with_backlog  tcp.o
    0x0800c274   0x0000000a   Code   RO         5190    i.tcp_new           tcp.o
    0x0800c27e   0x00000002   PAD
    0x0800c280   0x00000068   Code   RO         5191    i.tcp_new_port      tcp.o
    0x0800c2e8   0x0000001c   Code   RO         5192    i.tcp_next_iss      tcp.o
    0x0800c304   0x000001e0   Code   RO         5461    i.tcp_output        tcp_out.o
    0x0800c4e4   0x0000009c   Code   RO         5462    i.tcp_output_alloc_header  tcp_out.o
    0x0800c580   0x000000f4   Code   RO         5463    i.tcp_output_segment  tcp_out.o
    0x0800c674   0x000000b8   Code   RO         5409    i.tcp_parseopt      tcp_in.o
    0x0800c72c   0x0000008a   Code   RO         5464    i.tcp_pbuf_prealloc  tcp_out.o
    0x0800c7b6   0x00000040   Code   RO         5193    i.tcp_pcb_purge     tcp.o
    0x0800c7f6   0x00000002   PAD
    0x0800c7f8   0x000000a0   Code   RO         5194    i.tcp_pcb_remove    tcp.o
    0x0800c898   0x000005d4   Code   RO         5410    i.tcp_process       tcp_in.o
    0x0800ce6c   0x0000008c   Code   RO         5196    i.tcp_process_refused_data  tcp.o
    0x0800cef8   0x00000708   Code   RO         5411    i.tcp_receive       tcp_in.o
    0x0800d600   0x00000012   Code   RO         5197    i.tcp_recv          tcp.o
    0x0800d612   0x0000002e   Code   RO         5198    i.tcp_recv_null     tcp.o
    0x0800d640   0x00000060   Code   RO         5199    i.tcp_recved        tcp.o
    0x0800d6a0   0x00000058   Code   RO         5465    i.tcp_rexmit        tcp_out.o
    0x0800d6f8   0x00000070   Code   RO         5466    i.tcp_rexmit_fast   tcp_out.o
    0x0800d768   0x00000038   Code   RO         5467    i.tcp_rexmit_rto    tcp_out.o
    0x0800d7a0   0x000000c4   Code   RO         5468    i.tcp_rst           tcp_out.o
    0x0800d864   0x0000001a   Code   RO         5200    i.tcp_seg_free      tcp.o
    0x0800d87e   0x00000018   Code   RO         5201    i.tcp_segs_free     tcp.o
    0x0800d896   0x00000060   Code   RO         5469    i.tcp_send_empty_ack  tcp_out.o
    0x0800d8f6   0x0000004a   Code   RO         5470    i.tcp_send_fin      tcp_out.o
    0x0800d940   0x00000034   Code   RO          292    i.tcp_sever_test    client_tcpudp.o
    0x0800d974   0x00000388   Code   RO         5205    i.tcp_slowtmr       tcp.o
    0x0800dcfc   0x00000002   Code   RO         5888    i.tcp_timer_needed  timers.o
    0x0800dcfe   0x00000002   PAD
    0x0800dd00   0x000000ac   Code   RO         5412    i.tcp_timewait_input  tcp_in.o
    0x0800ddac   0x00000024   Code   RO         5206    i.tcp_tmr           tcp.o
    0x0800ddd0   0x00000058   Code   RO         5207    i.tcp_update_rcv_ann_wnd  tcp.o
    0x0800de28   0x0000044c   Code   RO         5471    i.tcp_write         tcp_out.o
    0x0800e274   0x0000009c   Code   RO         5472    i.tcp_write_checks  tcp_out.o
    0x0800e310   0x000000cc   Code   RO         5473    i.tcp_zero_window_probe  tcp_out.o
    0x0800e3dc   0x00000044   Code   RO          572    i.tftp_cleanup_rd   tftpserver.o
    0x0800e420   0x00000044   Code   RO          573    i.tftp_cleanup_wr   tftpserver.o
    0x0800e464   0x00000038   Code   RO          574    i.tftp_construct_error_message  tftpserver.o
    0x0800e49c   0x00000006   Code   RO          684    i.tftp_decode_op    tftputils.o
    0x0800e4a2   0x00000010   Code   RO          685    i.tftp_extract_block  tftputils.o
    0x0800e4b2   0x00000010   Code   RO          686    i.tftp_extract_filename  tftputils.o
    0x0800e4c2   0x00000026   Code   RO          687    i.tftp_is_correct_ack  tftputils.o
    0x0800e4e8   0x000000c0   Code   RO          575    i.tftp_process_read  tftpserver.o
    0x0800e5a8   0x000000a4   Code   RO          576    i.tftp_process_write  tftpserver.o
    0x0800e64c   0x00000030   Code   RO          577    i.tftp_send_ack_packet  tftpserver.o
    0x0800e67c   0x0000004c   Code   RO          578    i.tftp_send_data_packet  tftpserver.o
    0x0800e6c8   0x00000032   Code   RO          579    i.tftp_send_error_message  tftpserver.o
    0x0800e6fa   0x00000050   Code   RO          580    i.tftp_send_message  tftpserver.o
    0x0800e74a   0x00000002   PAD
    0x0800e74c   0x0000003c   Code   RO          581    i.tftp_send_next_block  tftpserver.o
    0x0800e788   0x00000014   Code   RO          688    i.tftp_set_block    tftputils.o
    0x0800e79c   0x00000014   Code   RO          689    i.tftp_set_data_message  tftputils.o
    0x0800e7b0   0x00000008   Code   RO          690    i.tftp_set_errorcode  tftputils.o
    0x0800e7b8   0x00000010   Code   RO          691    i.tftp_set_errormsg  tftputils.o
    0x0800e7c8   0x00000008   Code   RO          692    i.tftp_set_opcode   tftputils.o
    0x0800e7d0   0x00000040   Code   RO          582    i.tftpd_init        tftpserver.o
    0x0800e810   0x00000088   Code   RO         5555    i.udp_bind          udp.o
    0x0800e898   0x0000005c   Code   RO          293    i.udp_client_callback  client_tcpudp.o
    0x0800e8f4   0x00000040   Code   RO          294    i.udp_client_callback_app  client_tcpudp.o
    0x0800e934   0x00000010   Code   RO         5557    i.udp_disconnect    udp.o
    0x0800e944   0x00000258   Code   RO         5559    i.udp_input         udp.o
    0x0800eb9c   0x0000001c   Code   RO         5560    i.udp_new           udp.o
    0x0800ebb8   0x00000058   Code   RO         5561    i.udp_new_port      udp.o
    0x0800ec10   0x00000006   Code   RO         5562    i.udp_recv          udp.o
    0x0800ec16   0x00000002   PAD
    0x0800ec18   0x00000040   Code   RO         5563    i.udp_remove        udp.o
    0x0800ec58   0x00000048   Code   RO         5565    i.udp_sendto        udp.o
    0x0800eca0   0x0000012c   Code   RO         5566    i.udp_sendto_if     udp.o
    0x0800edcc   0x000000cc   Code   RO          583    i.wrq_recv_callback  tftpserver.o
    0x0800ee98   0x00000024   Data   RO         4837    .constdata          memp.o
    0x0800eebc   0x00000050   Data   RO         5208    .constdata          tcp.o
    0x0800ef0c   0x00000008   Data   RO         5776    .constdata          ip_addr.o
    0x0800ef14   0x0000000c   Data   RO         5954    .constdata          etharp.o
    0x0800ef20   0x00000088   Data   RO         8328    .constdata          pow.o(m_ws.l)
    0x0800efa8   0x00000008   Data   RO         8669    .constdata          qnan.o(m_ws.l)
    0x0800efb0   0x00000092   Data   RO          585    .conststring        tftpserver.o
    0x0800f042   0x00000068   Data   RO         5209    .conststring        tcp.o
    0x0800f0aa   0x00000002   PAD
    0x0800f0ac   0x00000020   Data   RO         8764    Region$$Table       anon$$obj.o


    Execution Region RW_IRAM1 (Base: 0x20000000, Size: 0x0000c6f8, Max: 0x00010000, ABSOLUTE, COMPRESSED[0x000000a4])

    Base Addr    Size         Type   Attr      Idx    E Section Name        Object

    0x20000000   0x00000020   Data   RW            5    .data               netconf.o
    0x20000020   0x0000043c   Data   RW          296    .data               client_tcpudp.o
    0x2000045c   0x0000003c   Data   RW          586    .data               tftpserver.o
    0x20000498   0x0000001c   Data   RW          781    .data               ds18b20srom.o
    0x200004b4   0x0000000c   Data   RW          974    .data               main.o
    0x200004c0   0x00000014   Data   RW         2653    .data               stm32f10x_rcc.o
    0x200004d4   0x00000010   Data   RW         4177    .data               stm32_eth.o
    0x200004e4   0x0000000c   Data   RW         4787    .data               mem.o
    0x200004f0   0x00000004   Data   RW         4838    .data               memp.o
    0x200004f4   0x00000009   Data   RW         4890    .data               netif.o
    0x200004fd   0x00000003   PAD
    0x20000500   0x00000004   Data   RW         5099    .data               raw.o
    0x20000504   0x00000023   Data   RW         5210    .data               tcp.o
    0x20000527   0x00000001   PAD
    0x20000528   0x00000020   Data   RW         5414    .data               tcp_in.o
    0x20000548   0x00000008   Data   RW         5567    .data               udp.o
    0x20000550   0x00000012   Data   RW         5734    .data               ip.o
    0x20000562   0x00000002   PAD
    0x20000564   0x00000006   Data   RW         5833    .data               ip_frag.o
    0x2000056a   0x00000001   Data   RW         5955    .data               etharp.o
    0x2000056b   0x00000001   PAD
    0x2000056c   0x00000012   Data   RW         6042    .data               ethernetif.o
    0x2000057e   0x00000002   PAD
    0x20000580   0x00000008   Data   RW         7087    .data               sd.o
    0x20000588   0x00000038   Data   RW         7583    .data               mb_m.o
    0x200005c0   0x00000018   Data   RW         8014    .data               pidctrl.o
    0x200005d8   0x0000007c   Data   RW         8138    .data               ds12864.o
    0x20000654   0x0000001e   Data   RW         8272    .data               key.o
    0x20000672   0x00000002   PAD
    0x20000674   0x00000004   Data   RW         8694    .data               stdout.o(mc_w.l)
    0x20000678   0x00000004   Data   RW         8736    .data               errno.o(mc_w.l)
    0x2000067c   0x00000034   Zero   RW            4    .bss                netconf.o
    0x200006b0   0x000006f6   Zero   RW          295    .bss                client_tcpudp.o
    0x20000da6   0x00000002   PAD
    0x20000da8   0x00000670   Zero   RW          584    .bss                tftpserver.o
    0x20001418   0x00000043   Zero   RW          780    .bss                ds18b20srom.o
    0x2000145b   0x00001878   Zero   RW         4786    .bss                mem.o
    0x20002cd3   0x00000001   PAD
    0x20002cd4   0x000068c3   Zero   RW         4836    .bss                memp.o
    0x20009597   0x00000001   PAD
    0x20009598   0x0000010c   Zero   RW         5148    .bss                stats.o
    0x200096a4   0x00000010   Zero   RW         5413    .bss                tcp_in.o
    0x200096b4   0x000000c8   Zero   RW         5953    .bss                etharp.o
    0x2000977c   0x000029e8   Zero   RW         6041    .bss                ethernetif.o
    0x2000c164   0x0000016c   Zero   RW         7434    .bss                smtp.o
    0x2000c2d0   0x00000028   Zero   RW         8013    .bss                pidctrl.o
    0x2000c2f8   0x00000400   Zero   RW         6114    STACK               startup_stm32f10x_cl.o


==============================================================================

Image component sizes


      Code (inc. data)   RO Data    RW Data    ZI Data      Debug   Object Name

      1426        264          0       1084       1782      24304   client_tcpudp.o
        62          0          0          0          0       1924   def.o
      1066          0          0          0          0       9630   dir.o
        80          0          0          0          0       1259   disc.o
      1020        186          0        124          0       9721   ds12864.o
      1450         92          0         28         67       8789   ds18b20srom.o
       122          0          0          0          0        827   efs.o
      2810         78         12          1        200      12041   etharp.o
       908        110          0         18      10728       8204   ethernetif.o
       122          0          0          0          0       1819   extract.o
      1802          6          0          0          0       8972   fat.o
      1892          0          0          0          0       9457   file.o
         8          0          0          0          0       1514   filesystem.o
      1236          0          0          0          0      11310   fs.o
       752         16          0          0          0       3414   icmp.o
         0          0          0          0          0       3800   inet.o
       390          0          0          0          0       3350   inet_chksum.o
         0          0          0          0          0        640   init.o
      2228          0          0          0          0      16850   ioman.o
      1124         48          0         18          0       6985   ip.o
        78          0          8          0          0       7162   ip_addr.o
      1904         46          0          6          0       8653   ip_frag.o
       584         94          0         30          0       4160   key.o
        68          0          0          0          0        889   ls.o
       308         10          0         12          0       3128   main.o
         0          0          0         56          0       6697   mb_m.o
      1656        146          0         12       6264       5273   mem.o
       444         36         36          4      26819       3743   memp.o
       172         32          0          0          0       2061   misc.o
       454         26          0          0          0       3531   netbios.o
       176         42          0         32         52     300255   netconf.o
       386         24          0          9          0       6709   netif.o
       276          0          0          0          0       4744   partition.o
      1652          0          0          0          0       8663   pbuf.o
      2360        234          0         24         40       9496   pidctrl.o
        72          0          0          0          0       1793   plibc.o
        88         18          0          0          0       1328   portserial_m.o
        56         12          0          0          0        890   porttimer_m.o
       120         12          0          4          0       1420   raw.o
      1870         44          0          8          0      11331   sd.o
       448         28          0          0          0       4532   sd_stm32.o
         0          0          0          0        364       4498   smtp.o
        36          8        336          0       1024        572   startup_stm32f10x_cl.o
         0          0          0          0        268       3133   stats.o
      1584        138          0         16          0      13575   stm32_eth.o
       616         32          0          0          0      17753   stm32f107.o
       184         18          0          0          0       1497   stm32f10x_exti.o
       510         14          0          0          0       5568   stm32f10x_gpio.o
        72          0          0          0          0      36435   stm32f10x_it.o
       536         48          0         20          0       6794   stm32f10x_rcc.o
       112          0          0          0          0       3806   stm32f10x_spi.o
       286         42          0          0          0       5142   stm32f10x_tim.o
       114          0          0          0          0       2818   stm32f10x_usart.o
       372         32          0          0          0       2081   system_stm32f10x.o
      3792        204        184         35          0      28518   tcp.o
      5420        190          0         32         16      16275   tcp_in.o
      3824         50          0          0          0      13627   tcp_out.o
      1792        188        146         60       1648      13085   tftpserver.o
       148          0          0          0          0       4944   tftputils.o
         4          0          0          0          0        404   time.o
         2          0          0          0          0        411   timers.o
      1310         44          0          8          0       8242   udp.o

    ----------------------------------------------------------------------
     52450       2612        756       1652      49276     730446   Object Totals
         0          0         32          0          0          0   (incl. Generated)
        66          0          2         11          4          2   (incl. Padding)

    ----------------------------------------------------------------------

      Code (inc. data)   RO Data    RW Data    ZI Data      Debug   Library Member Name

        94          0          0          0          0          0   __dczerorl2.o
        76          2          0          0          0         68   cdcmple.o
        76          2          0          0          0         68   cdrcmple.o
        20          0          0          0          0         68   cfcmple.o
        20          0          0          0          0         68   cfrcmple.o
        64          0          0          0          0         96   d2f.o
       350          0          0          0          0        148   dadd.o
       280          0          0          0          0        124   ddiv.o
       234          0          0          0          0        128   depilogue.o
        82          0          0          0          0         80   dfixi.o
        50          0          0          0          0         68   dfixul.o
        34          0          0          0          0         76   dflti.o
        26          0          0          0          0         76   dfltui.o
       240          0          0          0          0         96   dmul.o
        64          0          0          0          0         80   dscalb.o
       176          0          0          0          0        112   dsqrt.o
         0          0          0          0          0          0   entry.o
         8          4          0          0          0          0   entry2.o
         4          0          0          0          0          0   entry5.o
         8          4          0          0          0          0   entry7.o
        12          6          0          4          0         68   errno.o
        36          0          0          0          0         68   f2d.o
       176          0          0          0          0        136   fadd.o
       128          0          0          0          0         88   fdiv.o
       110          0          0          0          0        164   fepilogue.o
        40          0          0          0          0         68   ffixui.o
        18          0          0          0          0         68   fflti.o
       106          0          0          0          0         76   fmul.o
        16          0          0          0          0         76   fputc.o
        30          0          0          0          0          0   handlers.o
        36          8          0          0          0         68   init.o
         0          0          0          0          0          0   iusefp.o
         0          0          0          0          0          0   iusesemip.o
        32          0          0          0          0         68   llshl.o
        34          0          0          0          0         68   llsshr.o
        30          0          0          0          0         68   llushr.o
        26          0          0          0          0         76   memcmp.o
        36          0          0          0          0         68   memcpya.o
        38          0          0          0          0        108   memseta.o
       170          0          0          0          0         92   poly.o
      2576        282        136          0          0        300   pow.o
      2406        112          0          0          0        592   printfa.o
         0          0          8          0          0          0   qnan.o
        60         16          0          0          0         88   sqrt.o
         0          0          0          4          0          0   stdout.o
        28          0          0          0          0         76   strcmp.o
        18          0          0          0          0         68   strcpy.o
        16          0          0          0          0         68   strlen.o
        30          0          0          0          0         76   strncmp.o
        44          0          0          0          0         76   strstr.o
        44          0          0          0          0         76   uidiv.o
        90          0          0          0          0         88   uldiv.o

    ----------------------------------------------------------------------
      8294        436        144          8          0       4292   Library Totals
         2          0          0          0          0          0   (incl. Padding)

    ----------------------------------------------------------------------

      Code (inc. data)   RO Data    RW Data    ZI Data      Debug   Library Name

      2806        298        144          0          0        480   m_ws.l
      3080        134          0          8          0       1788   mc_w.l
      2406          4          0          0          0       2024   mf_w.l

    ----------------------------------------------------------------------
      8294        436        144          8          0       4292   Library Totals

    ----------------------------------------------------------------------

==============================================================================


      Code (inc. data)   RO Data    RW Data    ZI Data      Debug   

     60744       3048        900       1660      49276     710340   Grand Totals
     60744       3048        900        164      49276     710340   ELF Image Totals (compressed)
     60744       3048        900        164          0          0   ROM Totals

==============================================================================

    Total RO  Size (Code + RO Data)                61644 (  60.20kB)
    Total RW  Size (RW Data + ZI Data)             50936 (  49.74kB)
    Total ROM Size (Code + RO Data + RW Data)      61808 (  60.36kB)

==============================================================================

